Archive member included to satisfy reference by file (symbol)

D:/Development/Software/STM32CubeIDE/plugins/com.st.stm32cube.ide.mcu.externaltools.gnu-tools-for-stm32.12.3.rel1.win32_1.0.200.202406191623/tools/bin/../lib/gcc/arm-none-eabi/12.3.1/../../../../arm-none-eabi/lib/thumb/v7e-m+fp/hard\libstdc++_nano.a(del_op.o)
                              ./Core/Src/main.o (operator delete(void*))
D:/Development/Software/STM32CubeIDE/plugins/com.st.stm32cube.ide.mcu.externaltools.gnu-tools-for-stm32.12.3.rel1.win32_1.0.200.202406191623/tools/bin/../lib/gcc/arm-none-eabi/12.3.1/../../../../arm-none-eabi/lib/thumb/v7e-m+fp/hard\libstdc++_nano.a(del_ops.o)
                              ./Core/Src/main.o (operator delete(void*, unsigned int))
D:/Development/Software/STM32CubeIDE/plugins/com.st.stm32cube.ide.mcu.externaltools.gnu-tools-for-stm32.12.3.rel1.win32_1.0.200.202406191623/tools/bin/../lib/gcc/arm-none-eabi/12.3.1/../../../../arm-none-eabi/lib/thumb/v7e-m+fp/hard\libstdc++_nano.a(new_op.o)
                              ./Core/Src/main.o (operator new(unsigned int))
D:/Development/Software/STM32CubeIDE/plugins/com.st.stm32cube.ide.mcu.externaltools.gnu-tools-for-stm32.12.3.rel1.win32_1.0.200.202406191623/tools/bin/../lib/gcc/arm-none-eabi/12.3.1/../../../../arm-none-eabi/lib/thumb/v7e-m+fp/hard\libstdc++_nano.a(allocator-inst.o)
                              ./Core/Src/main.o (std::allocator<char>::allocator())
D:/Development/Software/STM32CubeIDE/plugins/com.st.stm32cube.ide.mcu.externaltools.gnu-tools-for-stm32.12.3.rel1.win32_1.0.200.202406191623/tools/bin/../lib/gcc/arm-none-eabi/12.3.1/../../../../arm-none-eabi/lib/thumb/v7e-m+fp/hard\libstdc++_nano.a(functexcept.o)
                              ./Core/Src/main.o (std::__throw_bad_alloc())
D:/Development/Software/STM32CubeIDE/plugins/com.st.stm32cube.ide.mcu.externaltools.gnu-tools-for-stm32.12.3.rel1.win32_1.0.200.202406191623/tools/bin/../lib/gcc/arm-none-eabi/12.3.1/../../../../arm-none-eabi/lib/thumb/v7e-m+fp/hard\libstdc++_nano.a(new_handler.o)
                              D:/Development/Software/STM32CubeIDE/plugins/com.st.stm32cube.ide.mcu.externaltools.gnu-tools-for-stm32.12.3.rel1.win32_1.0.200.202406191623/tools/bin/../lib/gcc/arm-none-eabi/12.3.1/../../../../arm-none-eabi/lib/thumb/v7e-m+fp/hard\libstdc++_nano.a(new_op.o) (std::get_new_handler())
D:/Development/Software/STM32CubeIDE/plugins/com.st.stm32cube.ide.mcu.externaltools.gnu-tools-for-stm32.12.3.rel1.win32_1.0.200.202406191623/tools/bin/../lib/gcc/arm-none-eabi/12.3.1/../../../../arm-none-eabi/lib/thumb/v7e-m+fp/hard\libc_nano.a(libc_a-abort.o)
                              D:/Development/Software/STM32CubeIDE/plugins/com.st.stm32cube.ide.mcu.externaltools.gnu-tools-for-stm32.12.3.rel1.win32_1.0.200.202406191623/tools/bin/../lib/gcc/arm-none-eabi/12.3.1/../../../../arm-none-eabi/lib/thumb/v7e-m+fp/hard\libstdc++_nano.a(new_op.o) (abort)
D:/Development/Software/STM32CubeIDE/plugins/com.st.stm32cube.ide.mcu.externaltools.gnu-tools-for-stm32.12.3.rel1.win32_1.0.200.202406191623/tools/bin/../lib/gcc/arm-none-eabi/12.3.1/../../../../arm-none-eabi/lib/thumb/v7e-m+fp/hard\libc_nano.a(libc_a-exit.o)
                              D:/Development/Software/STM32CubeIDE/plugins/com.st.stm32cube.ide.mcu.externaltools.gnu-tools-for-stm32.12.3.rel1.win32_1.0.200.202406191623/tools/bin/../lib/gcc/arm-none-eabi/12.3.1/../../../../arm-none-eabi/lib/thumb/v7e-m+fp/hard/crt0.o (exit)
D:/Development/Software/STM32CubeIDE/plugins/com.st.stm32cube.ide.mcu.externaltools.gnu-tools-for-stm32.12.3.rel1.win32_1.0.200.202406191623/tools/bin/../lib/gcc/arm-none-eabi/12.3.1/../../../../arm-none-eabi/lib/thumb/v7e-m+fp/hard\libc_nano.a(libc_a-malloc.o)
                              D:/Development/Software/STM32CubeIDE/plugins/com.st.stm32cube.ide.mcu.externaltools.gnu-tools-for-stm32.12.3.rel1.win32_1.0.200.202406191623/tools/bin/../lib/gcc/arm-none-eabi/12.3.1/../../../../arm-none-eabi/lib/thumb/v7e-m+fp/hard\libstdc++_nano.a(new_op.o) (malloc)
D:/Development/Software/STM32CubeIDE/plugins/com.st.stm32cube.ide.mcu.externaltools.gnu-tools-for-stm32.12.3.rel1.win32_1.0.200.202406191623/tools/bin/../lib/gcc/arm-none-eabi/12.3.1/../../../../arm-none-eabi/lib/thumb/v7e-m+fp/hard\libc_nano.a(libc_a-mallocr.o)
                              D:/Development/Software/STM32CubeIDE/plugins/com.st.stm32cube.ide.mcu.externaltools.gnu-tools-for-stm32.12.3.rel1.win32_1.0.200.202406191623/tools/bin/../lib/gcc/arm-none-eabi/12.3.1/../../../../arm-none-eabi/lib/thumb/v7e-m+fp/hard\libc_nano.a(libc_a-malloc.o) (_malloc_r)
D:/Development/Software/STM32CubeIDE/plugins/com.st.stm32cube.ide.mcu.externaltools.gnu-tools-for-stm32.12.3.rel1.win32_1.0.200.202406191623/tools/bin/../lib/gcc/arm-none-eabi/12.3.1/../../../../arm-none-eabi/lib/thumb/v7e-m+fp/hard\libc_nano.a(libc_a-mlock.o)
[...]
Memory Configuration

Name             Origin             Length             Attributes
CCMRAM           0x10000000         0x00010000         xrw
RAM              0x20000000         0x00020000         xrw
FLASH            0x08000000         0x00100000         xr
*default*        0x00000000         0xffffffff

Linker script and memory map

LOAD D:/Development/Software/STM32CubeIDE/plugins/com.st.stm32cube.ide.mcu.externaltools.gnu-tools-for-stm32.12.3.rel1.win32_1.0.200.202406191623/tools/bin/../lib/gcc/arm-none-eabi/12.3.1/thumb/v7e-m+fp/hard/crti.o
LOAD D:/Development/Software/STM32CubeIDE/plugins/com.st.stm32cube.ide.mcu.externaltools.gnu-tools-for-stm32.12.3.rel1.win32_1.0.200.202406191623/tools/bin/../lib/gcc/arm-none-eabi/12.3.1/thumb/v7e-m+fp/hard/crtbegin.o
LOAD D:/Development/Software/STM32CubeIDE/plugins/com.st.stm32cube.ide.mcu.externaltools.gnu-tools-for-stm32.12.3.rel1.win32_1.0.200.202406191623/tools/bin/../lib/gcc/arm-none-eabi/12.3.1/../../../../arm-none-eabi/lib/thumb/v7e-m+fp/hard/crt0.o
LOAD ./Core/Src/Devices/LCD.o
LOAD ./Core/Src/Interfaces/GPIO.o
LOAD ./Core/Src/Interfaces/I2C.o
LOAD ./Core/Src/main.o
LOAD ./Core/Src/stm32f4xx_hal_msp.o
LOAD ./Core/Src/stm32f4xx_it.o
LOAD ./Core/Src/syscalls.o
LOAD ./Core/Src/sysmem.o
LOAD ./Core/Src/system_stm32f4xx.o
LOAD ./Core/Startup/startup_stm32f417vgtx.o
LOAD ./Drivers/STM32F4xx_HAL_Driver/Src/stm32f4xx_hal.o
LOAD ./Drivers/STM32F4xx_HAL_Driver/Src/stm32f4xx_hal_can.o
LOAD ./Drivers/STM32F4xx_HAL_Driver/Src/stm32f4xx_hal_cortex.o
LOAD ./Drivers/STM32F4xx_HAL_Driver/Src/stm32f4xx_hal_dma.o
LOAD ./Drivers/STM32F4xx_HAL_Driver/Src/stm32f4xx_hal_dma_ex.o
LOAD ./Drivers/STM32F4xx_HAL_Driver/Src/stm32f4xx_hal_eth.o
LOAD ./Drivers/STM32F4xx_HAL_Driver/Src/stm32f4xx_hal_exti.o
LOAD ./Drivers/STM32F4xx_HAL_Driver/Src/stm32f4xx_hal_flash.o
LOAD ./Drivers/STM32F4xx_HAL_Driver/Src/stm32f4xx_hal_flash_ex.o
LOAD ./Drivers/STM32F4xx_HAL_Driver/Src/stm32f4xx_hal_flash_ramfunc.o
LOAD ./Drivers/STM32F4xx_HAL_Driver/Src/stm32f4xx_hal_gpio.o
LOAD ./Drivers/STM32F4xx_HAL_Driver/Src/stm32f4xx_hal_i2c.o
LOAD ./Drivers/STM32F4xx_HAL_Driver/Src/stm32f4xx_hal_i2c_ex.o
LOAD ./Drivers/STM32F4xx_HAL_Driver/Src/stm32f4xx_hal_pwr.o
LOAD ./Drivers/STM32F4xx_HAL_Driver/Src/stm32f4xx_hal_pwr_ex.o
LOAD ./Drivers/STM32F4xx_HAL_Driver/Src/stm32f4xx_hal_rcc.o
LOAD ./Drivers/STM32F4xx_HAL_Driver/Src/stm32f4xx_hal_rcc_ex.o
LOAD ./Drivers/STM32F4xx_HAL_Driver/Src/stm32f4xx_hal_spi.o
LOAD ./Drivers/STM32F4xx_HAL_Driver/Src/stm32f4xx_hal_tim.o
LOAD ./Drivers/STM32F4xx_HAL_Driver/Src/stm32f4xx_hal_tim_ex.o
LOAD ./Drivers/STM32F4xx_HAL_Driver/Src/stm32f4xx_hal_uart.o
START GROUP
LOAD D:/Development/Software/STM32CubeIDE/plugins/com.st.stm32cube.ide.mcu.externaltools.gnu-tools-for-stm32.12.3.rel1.win32_1.0.200.202406191623/tools/bin/../lib/gcc/arm-none-eabi/12.3.1/../../../../arm-none-eabi/lib/thumb/v7e-m+fp/hard\libstdc++_nano.a
LOAD D:/Development/Software/STM32CubeIDE/plugins/com.st.stm32cube.ide.mcu.externaltools.gnu-tools-for-stm32.12.3.rel1.win32_1.0.200.202406191623/tools/bin/../lib/gcc/arm-none-eabi/12.3.1/../../../../arm-none-eabi/lib/thumb/v7e-m+fp/hard\libsupc++_nano.a
END GROUP
LOAD D:/Development/Software/STM32CubeIDE/plugins/com.st.stm32cube.ide.mcu.externaltools.gnu-tools-for-stm32.12.3.rel1.win32_1.0.200.202406191623/tools/bin/../lib/gcc/arm-none-eabi/12.3.1/../../../../arm-none-eabi/lib/thumb/v7e-m+fp/hard\libstdc++_nano.a
LOAD D:/Development/Software/STM32CubeIDE/plugins/com.st.stm32cube.ide.mcu.externaltools.gnu-tools-for-stm32.12.3.rel1.win32_1.0.200.202406191623/tools/bin/../lib/gcc/arm-none-eabi/12.3.1/../../../../arm-none-eabi/lib/thumb/v7e-m+fp/hard\libm.a
LOAD D:/Development/Software/STM32CubeIDE/plugins/com.st.stm32cube.ide.mcu.externaltools.gnu-tools-for-stm32.12.3.rel1.win32_1.0.200.202406191623/tools/bin/../lib/gcc/arm-none-eabi/12.3.1/../../../../arm-none-eabi/lib/thumb/v7e-m+fp/hard\libc_nano.a
START GROUP
LOAD D:/Development/Software/STM32CubeIDE/plugins/com.st.stm32cube.ide.mcu.externaltools.gnu-tools-for-stm32.12.3.rel1.win32_1.0.200.202406191623/tools/bin/../lib/gcc/arm-none-eabi/12.3.1/thumb/v7e-m+fp/hard\libgcc.a
LOAD D:/Development/Software/STM32CubeIDE/plugins/com.st.stm32cube.ide.mcu.externaltools.gnu-tools-for-stm32.12.3.rel1.win32_1.0.200.202406191623/tools/bin/../lib/gcc/arm-none-eabi/12.3.1/../../../../arm-none-eabi/lib/thumb/v7e-m+fp/hard\libc_nano.a
END GROUP
START GROUP
LOAD D:/Development/Software/STM32CubeIDE/plugins/com.st.stm32cube.ide.mcu.externaltools.gnu-tools-for-stm32.12.3.rel1.win32_1.0.200.202406191623/tools/bin/../lib/gcc/arm-none-eabi/12.3.1/thumb/v7e-m+fp/hard\libgcc.a
LOAD D:/Development/Software/STM32CubeIDE/plugins/com.st.stm32cube.ide.mcu.externaltools.gnu-tools-for-stm32.12.3.rel1.win32_1.0.200.202406191623/tools/bin/../lib/gcc/arm-none-eabi/12.3.1/../../../../arm-none-eabi/lib/thumb/v7e-m+fp/hard\libc_nano.a
LOAD D:/Development/Software/STM32CubeIDE/plugins/com.st.stm32cube.ide.mcu.externaltools.gnu-tools-for-stm32.12.3.rel1.win32_1.0.200.202406191623/tools/bin/../lib/gcc/arm-none-eabi/12.3.1/../../../../arm-none-eabi/lib/thumb/v7e-m+fp/hard\libnosys.a
END GROUP
START GROUP
LOAD D:/Development/Software/STM32CubeIDE/plugins/com.st.stm32cube.ide.mcu.externaltools.gnu-tools-for-stm32.12.3.rel1.win32_1.0.200.202406191623/tools/bin/../lib/gcc/arm-none-eabi/12.3.1/thumb/v7e-m+fp/hard\libgcc.a
LOAD D:/Development/Software/STM32CubeIDE/plugins/com.st.stm32cube.ide.mcu.externaltools.gnu-tools-for-stm32.12.3.rel1.win32_1.0.200.202406191623/tools/bin/../lib/gcc/arm-none-eabi/12.3.1/../../../../arm-none-eabi/lib/thumb/v7e-m+fp/hard\libc_nano.a
LOAD D:/Development/Software/STM32CubeIDE/plugins/com.st.stm32cube.ide.mcu.externaltools.gnu-tools-for-stm32.12.3.rel1.win32_1.0.200.202406191623/tools/bin/../lib/gcc/arm-none-eabi/12.3.1/../../../../arm-none-eabi/lib/thumb/v7e-m+fp/hard\libnosys.a
END GROUP
LOAD D:/Development/Software/STM32CubeIDE/plugins/com.st.stm32cube.ide.mcu.externaltools.gnu-tools-for-stm32.12.3.rel1.win32_1.0.200.202406191623/tools/bin/../lib/gcc/arm-none-eabi/12.3.1/thumb/v7e-m+fp/hard/crtend.o
LOAD D:/Development/Software/STM32CubeIDE/plugins/com.st.stm32cube.ide.mcu.externaltools.gnu-tools-for-stm32.12.3.rel1.win32_1.0.200.202406191623/tools/bin/../lib/gcc/arm-none-eabi/12.3.1/thumb/v7e-m+fp/hard/crtn.o
                0x20020000                        _estack = (ORIGIN (RAM) + LENGTH (RAM))
                0x00000200                        _Min_Heap_Size = 0x200
                0x00000400                        _Min_Stack_Size = 0x400

.isr_vector     0x08000000      0x188
                0x08000000                        . = ALIGN (0x4)
 *(.isr_vector)
 .isr_vector    0x08000000      0x188 ./Core/Startup/startup_stm32f417vgtx.o
                0x08000000                g_pfnVectors
                0x08000188                        . = ALIGN (0x4)

.text           0x08000188     0x4930
                0x08000188                        . = ALIGN (0x4)
 *(.text)
 .text          0x08000188       0x40 D:/Development/Software/STM32CubeIDE/plugins/com.st.stm32cube.ide.mcu.externaltools.gnu-tools-for-stm32.12.3.rel1.win32_1.0.200.202406191623/tools/bin/../lib/gcc/arm-none-eabi/12.3.1/thumb/v7e-m+fp/hard/crtbegin.o
 .text          0x080001c8       0x10 D:/Development/Software/STM32CubeIDE/plugins/com.st.stm32cube.ide.mcu.externaltools.gnu-tools-for-stm32.12.3.rel1.win32_1.0.200.202406191623/tools/bin/../lib/gcc/arm-none-eabi/12.3.1/../../../../arm-none-eabi/lib/thumb/v7e-m+fp/hard\libc_nano.a(libc_a-strlen.o)
                0x080001c8                strlen
 .text          0x080001d8       0x30 D:/Development/Software/STM32CubeIDE/plugins/com.st.stm32cube.ide.mcu.externaltools.gnu-tools-for-stm32.12.3.rel1.win32_1.0.200.202406191623/tools/bin/../lib/gcc/arm-none-eabi/12.3.1/thumb/v7e-m+fp/hard\libgcc.a(_aeabi_uldivmod.o)
                0x080001d8                __aeabi_uldivmod
 .text          0x08000208      0x2bc D:/Development/Software/STM32CubeIDE/plugins/com.st.stm32cube.ide.mcu.externaltools.gnu-tools-for-stm32.12.3.rel1.win32_1.0.200.202406191623/tools/bin/../lib/gcc/arm-none-eabi/12.3.1/thumb/v7e-m+fp/hard\libgcc.a(_udivmoddi4.o)
                0x08000208                __udivmoddi4
 .text          0x080004c4        0x4 D:/Development/Software/STM32CubeIDE/plugins/com.st.stm32cube.ide.mcu.externaltools.gnu-tools-for-stm32.12.3.rel1.win32_1.0.200.202406191623/tools/bin/../lib/gcc/arm-none-eabi/12.3.1/thumb/v7e-m+fp/hard\libgcc.a(_dvmd_tls.o)
                0x080004c4                __aeabi_idiv0
                0x080004c4                __aeabi_ldiv0
 *(.text*)
 .text._ZSt23__is_constant_evaluatedv
                0x080004c8       0x10 ./Core/Src/Devices/LCD.o
                0x080004c8                std::__is_constant_evaluated()
 .text._ZN3LCDC2ER3I2ChR4GPIOS3_
                0x080004d8      0x120 ./Core/Src/Devices/LCD.o
                0x080004d8                LCD::LCD(I2C&, unsigned char, GPIO&, GPIO&)
                0x080004d8                LCD::LCD(I2C&, unsigned char, GPIO&, GPIO&)
 .text._ZNK3LCD12ClearDisplayEv
                0x080005f8       0x1a ./Core/Src/Devices/LCD.o
                0x080005f8                LCD::ClearDisplay() const
 .text._ZNK3LCD9SetCursorEhh
                0x08000612       0x34 ./Core/Src/Devices/LCD.o
                0x08000612                LCD::SetCursor(unsigned char, unsigned char) const
 .text._ZNK3LCD18ChangeDDRAMAddressEh
                0x08000646       0x2a ./Core/Src/Devices/LCD.o
                0x08000646                LCD::ChangeDDRAMAddress(unsigned char) const
 .text._ZNK3LCD5PrintERKNSt7__cxx1112basic_stringIcSt11char_traitsIcESaIcEEE
                0x08000670       0x4c ./Core/Src/Devices/LCD.o
                0x08000670                LCD::Print(std::__cxx11::basic_string<char, std::char_traits<char>, std::allocator<char> > const&) const
 .text._ZNK3LCD5PrintEh
                0x080006bc       0x20 ./Core/Src/Devices/LCD.o
                0x080006bc                LCD::Print(unsigned char) const
 .text._ZNK3LCD15SendInstructionEh
                0x080006dc       0x26 ./Core/Src/Devices/LCD.o
                0x080006dc                LCD::SendInstruction(unsigned char) const
 .text._ZNK3LCD8SendDataEh
                0x08000702       0x26 ./Core/Src/Devices/LCD.o
                0x08000702                LCD::SendData(unsigned char) const
 .text._ZNK3LCD13DisplayResultERK17HAL_StatusTypeDef
                0x08000728       0x44 ./Core/Src/Devices/LCD.o
                0x08000728                LCD::DisplayResult(HAL_StatusTypeDef const&) const
 .text._ZNK3LCD11ClearResultEv
                0x0800076c       0x24 ./Core/Src/Devices/LCD.o
                0x0800076c                LCD::ClearResult() const
 .text._ZNKSt7__cxx1112basic_stringIcSt11char_traitsIcESaIcEE4sizeEv
                0x08000790       0x18 ./Core/Src/Devices/LCD.o
                0x08000790                std::__cxx11::basic_string<char, std::char_traits<char>, std::allocator<char> >::size() const
 .text._ZNKSt7__cxx1112basic_stringIcSt11char_traitsIcESaIcEE6lengthEv
                0x080007a8       0x18 ./Core/Src/Devices/LCD.o
                0x080007a8                std::__cxx11::basic_string<char, std::char_traits<char>, std::allocator<char> >::length() const
 .text._ZNKSt7__cxx1112basic_stringIcSt11char_traitsIcESaIcEEixEj
                0x080007c0       0x3e ./Core/Src/Devices/LCD.o
                0x080007c0                std::__cxx11::basic_string<char, std::char_traits<char>, std::allocator<char> >::operator[](unsigned int) const
 .text._ZNKSt7__cxx1112basic_stringIcSt11char_traitsIcESaIcEE7_M_dataEv
                0x080007fe       0x18 ./Core/Src/Devices/LCD.o
                0x080007fe                std::__cxx11::basic_string<char, std::char_traits<char>, std::allocator<char> >::_M_data() const
 .text._ZN4GPIOC2EP12GPIO_TypeDeft
                0x08000816       0x28 ./Core/Src/Interfaces/GPIO.o
                0x08000816                GPIO::GPIO(GPIO_TypeDef*, unsigned short)
                0x08000816                GPIO::GPIO(GPIO_TypeDef*, unsigned short)
 .text._ZNK4GPIO3SetEv
                0x0800083e       0x20 ./Core/Src/Interfaces/GPIO.o
                0x0800083e                GPIO::Set() const
 .text._ZNK4GPIO5ResetEv
                0x0800085e       0x20 ./Core/Src/Interfaces/GPIO.o
                0x0800085e                GPIO::Reset() const
 .text._ZN3I2CC2ER17I2C_HandleTypeDefm
                0x0800087e       0x26 ./Core/Src/Interfaces/I2C.o
                0x0800087e                I2C::I2C(I2C_HandleTypeDef&, unsigned long)
                0x0800087e                I2C::I2C(I2C_HandleTypeDef&, unsigned long)
 .text._ZN3I2C8MemWriteEhhh
                0x080008a4       0x48 ./Core/Src/Interfaces/I2C.o
                0x080008a4                I2C::MemWrite(unsigned char, unsigned char, unsigned char)
 .text._ZSt21is_constant_evaluatedv
                0x080008ec       0x10 ./Core/Src/main.o
                0x080008ec                std::is_constant_evaluated()
 .text._ZnwjPv  0x080008fc       0x18 ./Core/Src/main.o
                0x080008fc                operator new(unsigned int, void*)
 .text._ZNSt11char_traitsIcE6assignERcRKc
                0x08000914       0x2e ./Core/Src/main.o
                0x08000914                std::char_traits<char>::assign(char&, char const&)
 .text._ZNSt11char_traitsIcE6lengthEPKc
                0x08000942       0x2e ./Core/Src/main.o
                0x08000942                std::char_traits<char>::length(char const*)
 .text._ZNSt11char_traitsIcE4copyEPcPKcj
                0x08000970       0x4a ./Core/Src/main.o
                0x08000970                std::char_traits<char>::copy(char*, char const*, unsigned int)
 *fill*         0x080009ba        0x2 
 .text._ZNSt7__cxx1112basic_stringIcSt11char_traitsIcESaIcEEC1IS3_EEPKcRKS3_
                0x080009bc       0x54 ./Core/Src/main.o
                0x080009bc                std::__cxx11::basic_string<char, std::char_traits<char>, std::allocator<char> >::basic_string<std::allocator<char> >(char const*, std::allocator<char> const&)
 .text._ZNSt7__cxx1112basic_stringIcSt11char_traitsIcESaIcEE13_M_local_dataEv
                0x08000a10       0x1c ./Core/Src/main.o
                0x08000a10                std::__cxx11::basic_string<char, std::char_traits<char>, std::allocator<char> >::_M_local_data()
 .text._ZNSt19__ptr_traits_ptr_toIPccLb0EE10pointer_toERc
                0x08000a2c       0x18 ./Core/Src/main.o
                0x08000a2c                std::__ptr_traits_ptr_to<char*, char, false>::pointer_to(char&)
 .text._ZSt9addressofIcEPT_RS0_
                0x08000a44       0x18 ./Core/Src/main.o
                0x08000a44                char* std::addressof<char>(char&)
 .text._ZSt11__addressofIcEPT_RS0_
                0x08000a5c       0x16 ./Core/Src/main.o
                0x08000a5c                char* std::__addressof<char>(char&)
 .text._ZNSt7__cxx1112basic_stringIcSt11char_traitsIcESaIcEE12_Alloc_hiderC1EPcRKS3_
                0x08000a72       0x24 ./Core/Src/main.o
                0x08000a72                std::__cxx11::basic_string<char, std::char_traits<char>, std::allocator<char> >::_Alloc_hider::_Alloc_hider(char*, std::allocator<char> const&)
 *fill*         0x08000a96        0x2 
 .text.main     0x08000a98      0x180 ./Core/Src/main.o
                0x08000a98                main
 .text._Z18SystemClock_Configv
                0x08000c18       0xe8 ./Core/Src/main.o
                0x08000c18                SystemClock_Config()
 .text._ZL12MX_CAN1_Initv
                0x08000d00       0x74 ./Core/Src/main.o
 .text._ZL11MX_ETH_Initv
                0x08000d74       0xa4 ./Core/Src/main.o
 .text._ZL12MX_I2C1_Initv
                0x08000e18       0x68 ./Core/Src/main.o
 .text._ZL12MX_I2C3_Initv
                0x08000e80       0x68 ./Core/Src/main.o
 .text._ZL12MX_SPI1_Initv
                0x08000ee8       0x78 ./Core/Src/main.o
 .text._ZL19MX_USART1_UART_Initv
                0x08000f60       0x60 ./Core/Src/main.o
 .text._ZL19MX_USART2_UART_Initv
                0x08000fc0       0x60 ./Core/Src/main.o
 .text._ZL19MX_USART3_UART_Initv
                0x08001020       0x60 ./Core/Src/main.o
 .text._ZL12MX_GPIO_Initv
                0x08001080      0x1e8 ./Core/Src/main.o
 .text.Error_Handler
                0x08001268        0xc ./Core/Src/main.o
                0x08001268                Error_Handler
 .text._ZSt12construct_atIcJRKcEEDTgsnwcvPvLi0E_T_pispcl7declvalIT0_EEEEPS3_DpOS4_
                0x08001274       0x2c ./Core/Src/main.o
                0x08001274                decltype (::new ((void*)(0)) char((declval<char const&>)())) std::construct_at<char, char const&>(char*, char const&)
 .text._ZN9__gnu_cxx11char_traitsIcE6lengthEPKc
                0x080012a0       0x40 ./Core/Src/main.o
                0x080012a0                __gnu_cxx::char_traits<char>::length(char const*)
 .text._ZN9__gnu_cxx11char_traitsIcE4copyEPcPKcj
                0x080012e0       0x64 ./Core/Src/main.o
                0x080012e0                __gnu_cxx::char_traits<char>::copy(char*, char const*, unsigned int)
 .text._ZZNSt7__cxx1112basic_stringIcSt11char_traitsIcESaIcEE12_M_constructIPKcEEvT_S8_St20forward_iterator_tagEN6_GuardC2EPS4_
                0x08001344       0x1e ./Core/Src/main.o
                0x08001344                std::__cxx11::basic_string<char, std::char_traits<char>, std::allocator<char> >::_M_construct<char const*>(char const*, char const*, std::forward_iterator_tag)::_Guard::_Guard(std::__cxx11::basic_string<char, std::char_traits<char>, std::allocator<char> >*)
                0x08001344                std::__cxx11::basic_string<char, std::char_traits<char>, std::allocator<char> >::_M_construct<char const*>(char const*, char const*, std::forward_iterator_tag)::_Guard::_Guard(std::__cxx11::basic_string<char, std::char_traits<char>, std::allocator<char> >*)
 .text._ZZNSt7__cxx1112basic_stringIcSt11char_traitsIcESaIcEE12_M_constructIPKcEEvT_S8_St20forward_iterator_tagEN6_GuardD2Ev
                0x08001362       0x24 ./Core/Src/main.o
                0x08001362                std::__cxx11::basic_string<char, std::char_traits<char>, std::allocator<char> >::_M_construct<char const*>(char const*, char const*, std::forward_iterator_tag)::_Guard::~_Guard()
                0x08001362                std::__cxx11::basic_string<char, std::char_traits<char>, std::allocator<char> >::_M_construct<char const*>(char const*, char const*, std::forward_iterator_tag)::_Guard::~_Guard()
 .text._ZNSt7__cxx1112basic_stringIcSt11char_traitsIcESaIcEE12_M_constructIPKcEEvT_S8_St20forward_iterator_tag
                0x08001386       0xb4 ./Core/Src/main.o
                0x08001386                void std::__cxx11::basic_string<char, std::char_traits<char>, std::allocator<char> >::_M_construct<char const*>(char const*, char const*, std::forward_iterator_tag)
 .text._ZSt7forwardIRKcEOT_RNSt16remove_referenceIS2_E4typeE
                0x0800143a       0x16 ./Core/Src/main.o
                0x0800143a                char const& std::forward<char const&>(std::remove_reference<char const&>::type&)
 .text._ZN9__gnu_cxx11char_traitsIcE2eqERKcS3_
                0x08001450       0x28 ./Core/Src/main.o
                0x08001450                __gnu_cxx::char_traits<char>::eq(char const&, char const&)
 .text._ZNSt7__cxx1112basic_stringIcSt11char_traitsIcESaIcEE10_M_disposeEv
                0x08001478       0x2e ./Core/Src/main.o
                0x08001478                std::__cxx11::basic_string<char, std::char_traits<char>, std::allocator<char> >::_M_dispose()
 .text._ZNSt7__cxx1112basic_stringIcSt11char_traitsIcESaIcEE16_M_get_allocatorEv
                0x080014a6       0x16 ./Core/Src/main.o
                0x080014a6                std::__cxx11::basic_string<char, std::char_traits<char>, std::allocator<char> >::_M_get_allocator()
 .text._ZNKSt7__cxx1112basic_stringIcSt11char_traitsIcESaIcEE11_M_is_localEv
                0x080014bc       0x3a ./Core/Src/main.o
                0x080014bc                std::__cxx11::basic_string<char, std::char_traits<char>, std::allocator<char> >::_M_is_local() const
 .text._ZNSt7__cxx1112basic_stringIcSt11char_traitsIcESaIcEE7_M_dataEPc
                0x080014f6       0x1c ./Core/Src/main.o
                0x080014f6                std::__cxx11::basic_string<char, std::char_traits<char>, std::allocator<char> >::_M_data(char*)
 .text._ZNSt7__cxx1112basic_stringIcSt11char_traitsIcESaIcEE11_M_capacityEj
                0x08001512       0x1c ./Core/Src/main.o
                0x08001512                std::__cxx11::basic_string<char, std::char_traits<char>, std::allocator<char> >::_M_capacity(unsigned int)
 .text._ZNSt7__cxx1112basic_stringIcSt11char_traitsIcESaIcEE9_M_lengthEj
                0x0800152e       0x1c ./Core/Src/main.o
                0x0800152e                std::__cxx11::basic_string<char, std::char_traits<char>, std::allocator<char> >::_M_length(unsigned int)
 .text._ZNSt7__cxx1112basic_stringIcSt11char_traitsIcESaIcEE13_M_set_lengthEj
                0x0800154a       0x36 ./Core/Src/main.o
                0x0800154a                std::__cxx11::basic_string<char, std::char_traits<char>, std::allocator<char> >::_M_set_length(unsigned int)
 .text._ZSt8distanceIPKcENSt15iterator_traitsIT_E15difference_typeES3_S3_
                0x08001580       0x28 ./Core/Src/main.o
                0x08001580                std::iterator_traits<char const*>::difference_type std::distance<char const*>(char const*, char const*)
 .text._ZNSt7__cxx1112basic_stringIcSt11char_traitsIcESaIcEE9_M_createERjj
                0x080015a8       0x94 ./Core/Src/main.o
                0x080015a8                std::__cxx11::basic_string<char, std::char_traits<char>, std::allocator<char> >::_M_create(unsigned int&, unsigned int)
 .text._ZNSt7__cxx1112basic_stringIcSt11char_traitsIcESaIcEE13_S_copy_charsEPcPKcS7_
                0x0800163c       0x24 ./Core/Src/main.o
                0x0800163c                std::__cxx11::basic_string<char, std::char_traits<char>, std::allocator<char> >::_S_copy_chars(char*, char const*, char const*)
 .text._ZNSt7__cxx1112basic_stringIcSt11char_traitsIcESaIcEE10_M_destroyEj
                0x08001660       0x2e ./Core/Src/main.o
                0x08001660                std::__cxx11::basic_string<char, std::char_traits<char>, std::allocator<char> >::_M_destroy(unsigned int)
 .text._ZNKSt7__cxx1112basic_stringIcSt11char_traitsIcESaIcEE13_M_local_dataEv
                0x0800168e       0x1c ./Core/Src/main.o
                0x0800168e                std::__cxx11::basic_string<char, std::char_traits<char>, std::allocator<char> >::_M_local_data() const
 .text._ZSt19__iterator_categoryIPKcENSt15iterator_traitsIT_E17iterator_categoryERKS3_
                0x080016aa       0x14 ./Core/Src/main.o
                0x080016aa                std::iterator_traits<char const*>::iterator_category std::__iterator_category<char const*>(char const* const&)
 .text._ZSt10__distanceIPKcENSt15iterator_traitsIT_E15difference_typeES3_S3_St26random_access_iterator_tag
                0x080016be       0x1e ./Core/Src/main.o
                0x080016be                std::iterator_traits<char const*>::difference_type std::__distance<char const*>(char const*, char const*, std::random_access_iterator_tag)
 .text._ZNKSt7__cxx1112basic_stringIcSt11char_traitsIcESaIcEE8max_sizeEv
                0x080016dc       0x24 ./Core/Src/main.o
                0x080016dc                std::__cxx11::basic_string<char, std::char_traits<char>, std::allocator<char> >::max_size() const
 .text._ZNSt16allocator_traitsISaIcEE8allocateERS0_j
                0x08001700       0x56 ./Core/Src/main.o
                0x08001700                std::allocator_traits<std::allocator<char> >::allocate(std::allocator<char>&, unsigned int)
 .text._ZNSt7__cxx1112basic_stringIcSt11char_traitsIcESaIcEE7_S_copyEPcPKcj
                0x08001756       0x2e ./Core/Src/main.o
                0x08001756                std::__cxx11::basic_string<char, std::char_traits<char>, std::allocator<char> >::_S_copy(char*, char const*, unsigned int)
 .text._ZNSt16allocator_traitsISaIcEE10deallocateERS0_Pcj
                0x08001784       0x3e ./Core/Src/main.o
                0x08001784                std::allocator_traits<std::allocator<char> >::deallocate(std::allocator<char>&, char*, unsigned int)
 .text._ZNSt19__ptr_traits_ptr_toIPKcS0_Lb0EE10pointer_toERS0_
                0x080017c2       0x18 ./Core/Src/main.o
                0x080017c2                std::__ptr_traits_ptr_to<char const*, char const, false>::pointer_to(char const&)
 .text._ZNKSt7__cxx1112basic_stringIcSt11char_traitsIcESaIcEE16_M_get_allocatorEv
                0x080017da       0x16 ./Core/Src/main.o
                0x080017da                std::__cxx11::basic_string<char, std::char_traits<char>, std::allocator<char> >::_M_get_allocator() const
 .text._ZNSt16allocator_traitsISaIcEE8max_sizeERKS0_
                0x080017f0       0x18 ./Core/Src/main.o
                0x080017f0                std::allocator_traits<std::allocator<char> >::max_size(std::allocator<char> const&)
 .text._ZSt9addressofIKcEPT_RS1_
                0x08001808       0x18 ./Core/Src/main.o
                0x08001808                char const* std::addressof<char const>(char const&)
 .text._ZNSt15__new_allocatorIcE8allocateEjPKv
                0x08001820       0x44 ./Core/Src/main.o
                0x08001820                std::__new_allocator<char>::allocate(unsigned int, void const*)
 .text._ZNSt15__new_allocatorIcE10deallocateEPcj
                0x08001864       0x1a ./Core/Src/main.o
                0x08001864                std::__new_allocator<char>::deallocate(char*, unsigned int)
 .text._ZSt11__addressofIKcEPT_RS1_
                0x0800187e       0x16 ./Core/Src/main.o
                0x0800187e                char const* std::__addressof<char const>(char const&)
 .text._ZNKSt15__new_allocatorIcE11_M_max_sizeEv
                0x08001894       0x18 ./Core/Src/main.o
                0x08001894                std::__new_allocator<char>::_M_max_size() const
 .text.HAL_MspInit
                0x080018ac       0x50 ./Core/Src/stm32f4xx_hal_msp.o
                0x080018ac                HAL_MspInit
 .text.HAL_CAN_MspInit
                0x080018fc       0x90 ./Core/Src/stm32f4xx_hal_msp.o
                0x080018fc                HAL_CAN_MspInit
 .text.HAL_ETH_MspInit
                0x0800198c      0x14c ./Core/Src/stm32f4xx_hal_msp.o
                0x0800198c                HAL_ETH_MspInit
 .text.HAL_I2C_MspInit
                0x08001ad8      0x140 ./Core/Src/stm32f4xx_hal_msp.o
                0x08001ad8                HAL_I2C_MspInit
 .text.HAL_SPI_MspInit
                0x08001c18       0xd0 ./Core/Src/stm32f4xx_hal_msp.o
                0x08001c18                HAL_SPI_MspInit
 .text.HAL_UART_MspInit
                0x08001ce8      0x1e4 ./Core/Src/stm32f4xx_hal_msp.o
                0x08001ce8                HAL_UART_MspInit
 .text.NMI_Handler
                0x08001ecc        0x8 ./Core/Src/stm32f4xx_it.o
                0x08001ecc                NMI_Handler
 .text.HardFault_Handler
                0x08001ed4        0x8 ./Core/Src/stm32f4xx_it.o
                0x08001ed4                HardFault_Handler
 .text.MemManage_Handler
                0x08001edc        0x8 ./Core/Src/stm32f4xx_it.o
                0x08001edc                MemManage_Handler
 .text.BusFault_Handler
                0x08001ee4        0x8 ./Core/Src/stm32f4xx_it.o
                0x08001ee4                BusFault_Handler
 .text.UsageFault_Handler
                0x08001eec        0x8 ./Core/Src/stm32f4xx_it.o
                0x08001eec                UsageFault_Handler
 .text.SVC_Handler
                0x08001ef4        0xe ./Core/Src/stm32f4xx_it.o
                0x08001ef4                SVC_Handler
 .text.DebugMon_Handler
                0x08001f02        0xe ./Core/Src/stm32f4xx_it.o
                0x08001f02                DebugMon_Handler
 .text.PendSV_Handler
                0x08001f10        0xe ./Core/Src/stm32f4xx_it.o
                0x08001f10                PendSV_Handler
 .text.SysTick_Handler
                0x08001f1e        0xc ./Core/Src/stm32f4xx_it.o
                0x08001f1e                SysTick_Handler
 .text._getpid  0x08001f2a       0x10 ./Core/Src/syscalls.o
                0x08001f2a                _getpid
 .text._kill    0x08001f3a       0x20 ./Core/Src/syscalls.o
                0x08001f3a                _kill
 .text._exit    0x08001f5a       0x16 ./Core/Src/syscalls.o
                0x08001f5a                _exit
 .text._sbrk    0x08001f70       0x6c ./Core/Src/sysmem.o
                0x08001f70                _sbrk
 .text.SystemInit
                0x08001fdc       0x24 ./Core/Src/system_stm32f4xx.o
                0x08001fdc                SystemInit
 .text.Reset_Handler
                0x08002000       0x50 ./Core/Startup/startup_stm32f417vgtx.o
                0x08002000                Reset_Handler
 .text.Default_Handler
                0x08002050        0x2 ./Core/Startup/startup_stm32f417vgtx.o
                0x08002050                RTC_Alarm_IRQHandler
                0x08002050                HASH_RNG_IRQHandler
                0x08002050                EXTI2_IRQHandler
                0x08002050                TIM8_CC_IRQHandler
                0x08002050                TIM1_CC_IRQHandler
                0x08002050                DMA2_Stream5_IRQHandler
                0x08002050                DMA1_Stream5_IRQHandler
                0x08002050                PVD_IRQHandler
                0x08002050                SDIO_IRQHandler
                0x08002050                TAMP_STAMP_IRQHandler
                0x08002050                CAN2_RX1_IRQHandler
                0x08002050                EXTI3_IRQHandler
                0x08002050                TIM8_TRG_COM_TIM14_IRQHandler
                0x08002050                TIM1_UP_TIM10_IRQHandler
                0x08002050                TIM8_UP_TIM13_IRQHandler
                0x08002050                I2C3_ER_IRQHandler
                0x08002050                EXTI0_IRQHandler
                0x08002050                I2C2_EV_IRQHandler
                0x08002050                DMA1_Stream2_IRQHandler
                0x08002050                CAN1_RX0_IRQHandler
                0x08002050                FPU_IRQHandler
                0x08002050                OTG_HS_WKUP_IRQHandler
                0x08002050                CAN2_SCE_IRQHandler
                0x08002050                DMA2_Stream2_IRQHandler
                0x08002050                SPI1_IRQHandler
                0x08002050                TIM6_DAC_IRQHandler
                0x08002050                TIM1_BRK_TIM9_IRQHandler
                0x08002050                DCMI_IRQHandler
                0x08002050                CAN2_RX0_IRQHandler
                0x08002050                DMA2_Stream3_IRQHandler
                0x08002050                USART6_IRQHandler
                0x08002050                USART3_IRQHandler
                0x08002050                CRYP_IRQHandler
                0x08002050                CAN1_RX1_IRQHandler
                0x08002050                UART5_IRQHandler
                0x08002050                DMA2_Stream0_IRQHandler
                0x08002050                TIM4_IRQHandler
                0x08002050                I2C1_EV_IRQHandler
                0x08002050                DMA1_Stream6_IRQHandler
                0x08002050                DMA1_Stream1_IRQHandler
                0x08002050                UART4_IRQHandler
                0x08002050                TIM3_IRQHandler
                0x08002050                RCC_IRQHandler
                0x08002050                TIM8_BRK_TIM12_IRQHandler
                0x08002050                Default_Handler
                0x08002050                EXTI15_10_IRQHandler
                0x08002050                ADC_IRQHandler
                0x08002050                DMA1_Stream7_IRQHandler
                0x08002050                TIM7_IRQHandler
                0x08002050                CAN2_TX_IRQHandler
                0x08002050                TIM5_IRQHandler
                0x08002050                DMA2_Stream7_IRQHandler
                0x08002050                I2C3_EV_IRQHandler
                0x08002050                EXTI9_5_IRQHandler
                0x08002050                RTC_WKUP_IRQHandler
                0x08002050                ETH_WKUP_IRQHandler
                0x08002050                SPI2_IRQHandler
                0x08002050                OTG_HS_EP1_IN_IRQHandler
                0x08002050                DMA1_Stream0_IRQHandler
                0x08002050                CAN1_TX_IRQHandler
                0x08002050                EXTI4_IRQHandler
                0x08002050                FSMC_IRQHandler
                0x08002050                ETH_IRQHandler
                0x08002050                OTG_HS_EP1_OUT_IRQHandler
                0x08002050                WWDG_IRQHandler
                0x08002050                TIM2_IRQHandler
                0x08002050                OTG_FS_WKUP_IRQHandler
                0x08002050                TIM1_TRG_COM_TIM11_IRQHandler
                0x08002050                OTG_HS_IRQHandler
                0x08002050                EXTI1_IRQHandler
                0x08002050                USART2_IRQHandler
                0x08002050                I2C2_ER_IRQHandler
                0x08002050                DMA2_Stream1_IRQHandler
                0x08002050                CAN1_SCE_IRQHandler
                0x08002050                FLASH_IRQHandler
                0x08002050                DMA2_Stream4_IRQHandler
                0x08002050                USART1_IRQHandler
                0x08002050                OTG_FS_IRQHandler
                0x08002050                SPI3_IRQHandler
                0x08002050                DMA1_Stream4_IRQHandler
                0x08002050                I2C1_ER_IRQHandler
                0x08002050                DMA2_Stream6_IRQHandler
                0x08002050                DMA1_Stream3_IRQHandler
 *fill*         0x08002052        0x2 
 .text.HAL_Init
                0x08002054       0x44 ./Drivers/STM32F4xx_HAL_Driver/Src/stm32f4xx_hal.o
                0x08002054                HAL_Init
 .text.HAL_InitTick
                0x08002098       0x60 ./Drivers/STM32F4xx_HAL_Driver/Src/stm32f4xx_hal.o
                0x08002098                HAL_InitTick
 .text.HAL_IncTick
                0x080020f8       0x28 ./Drivers/STM32F4xx_HAL_Driver/Src/stm32f4xx_hal.o
                0x080020f8                HAL_IncTick
 .text.HAL_GetTick
                0x08002120       0x18 ./Drivers/STM32F4xx_HAL_Driver/Src/stm32f4xx_hal.o
                0x08002120                HAL_GetTick
 .text.HAL_Delay
                0x08002138       0x48 ./Drivers/STM32F4xx_HAL_Driver/Src/stm32f4xx_hal.o
                0x08002138                HAL_Delay
 .text.HAL_CAN_Init
                0x08002180      0x1f6 ./Drivers/STM32F4xx_HAL_Driver/Src/stm32f4xx_hal_can.o
                0x08002180                HAL_CAN_Init
 *fill*         0x08002376        0x2 
 .text.__NVIC_SetPriorityGrouping
                0x08002378       0x48 ./Drivers/STM32F4xx_HAL_Driver/Src/stm32f4xx_hal_cortex.o
 .text.__NVIC_GetPriorityGrouping
                0x080023c0       0x1c ./Drivers/STM32F4xx_HAL_Driver/Src/stm32f4xx_hal_cortex.o
 .text.__NVIC_SetPriority
                0x080023dc       0x54 ./Drivers/STM32F4xx_HAL_Driver/Src/stm32f4xx_hal_cortex.o
 .text.NVIC_EncodePriority
                0x08002430       0x66 ./Drivers/STM32F4xx_HAL_Driver/Src/stm32f4xx_hal_cortex.o
 *fill*         0x08002496        0x2 
 .text.SysTick_Config
                0x08002498       0x44 ./Drivers/STM32F4xx_HAL_Driver/Src/stm32f4xx_hal_cortex.o
 .text.HAL_NVIC_SetPriorityGrouping
                0x080024dc       0x16 ./Drivers/STM32F4xx_HAL_Driver/Src/stm32f4xx_hal_cortex.o
                0x080024dc                HAL_NVIC_SetPriorityGrouping
 .text.HAL_NVIC_SetPriority
                0x080024f2       0x38 ./Drivers/STM32F4xx_HAL_Driver/Src/stm32f4xx_hal_cortex.o
                0x080024f2                HAL_NVIC_SetPriority
 .text.HAL_SYSTICK_Config
                0x0800252a       0x18 ./Drivers/STM32F4xx_HAL_Driver/Src/stm32f4xx_hal_cortex.o
                0x0800252a                HAL_SYSTICK_Config
 *fill*         0x08002542        0x2 
 .text.HAL_ETH_Init
                0x08002544       0xfc ./Drivers/STM32F4xx_HAL_Driver/Src/stm32f4xx_hal_eth.o
                0x08002544                HAL_ETH_Init
 .text.ETH_SetMACConfig
                0x08002640      0x160 ./Drivers/STM32F4xx_HAL_Driver/Src/stm32f4xx_hal_eth.o
 .text.ETH_SetDMAConfig
                0x080027a0      0x114 ./Drivers/STM32F4xx_HAL_Driver/Src/stm32f4xx_hal_eth.o
 .text.ETH_MACDMAConfig
                0x080028b4       0xe4 ./Drivers/STM32F4xx_HAL_Driver/Src/stm32f4xx_hal_eth.o
 .text.ETH_MACAddressConfig
                0x08002998       0x70 ./Drivers/STM32F4xx_HAL_Driver/Src/stm32f4xx_hal_eth.o
 .text.ETH_DMATxDescListInit
                0x08002a08       0xb2 ./Drivers/STM32F4xx_HAL_Driver/Src/stm32f4xx_hal_eth.o
 .text.ETH_DMARxDescListInit
                0x08002aba       0xda ./Drivers/STM32F4xx_HAL_Driver/Src/stm32f4xx_hal_eth.o
 .text.HAL_GPIO_Init
                0x08002b94      0x338 ./Drivers/STM32F4xx_HAL_Driver/Src/stm32f4xx_hal_gpio.o
                0x08002b94                HAL_GPIO_Init
 .text.HAL_GPIO_WritePin
                0x08002ecc       0x32 ./Drivers/STM32F4xx_HAL_Driver/Src/stm32f4xx_hal_gpio.o
                0x08002ecc                HAL_GPIO_WritePin
 *fill*         0x08002efe        0x2 
 .text.HAL_I2C_Init
                0x08002f00      0x288 ./Drivers/STM32F4xx_HAL_Driver/Src/stm32f4xx_hal_i2c.o
                0x08002f00                HAL_I2C_Init
 .text.HAL_I2C_Mem_Write
                0x08003188      0x1f4 ./Drivers/STM32F4xx_HAL_Driver/Src/stm32f4xx_hal_i2c.o
                0x08003188                HAL_I2C_Mem_Write
 .text.I2C_RequestMemoryWrite
                0x0800337c      0x12c ./Drivers/STM32F4xx_HAL_Driver/Src/stm32f4xx_hal_i2c.o
 .text.I2C_WaitOnFlagUntilTimeout
                0x080034a8       0xae ./Drivers/STM32F4xx_HAL_Driver/Src/stm32f4xx_hal_i2c.o
 .text.I2C_WaitOnMasterAddressFlagUntilTimeout
                0x08003556       0xfe ./Drivers/STM32F4xx_HAL_Driver/Src/stm32f4xx_hal_i2c.o
 .text.I2C_WaitOnTXEFlagUntilTimeout
                0x08003654       0x82 ./Drivers/STM32F4xx_HAL_Driver/Src/stm32f4xx_hal_i2c.o
 .text.I2C_WaitOnBTFFlagUntilTimeout
                0x080036d6       0x82 ./Drivers/STM32F4xx_HAL_Driver/Src/stm32f4xx_hal_i2c.o
 .text.I2C_IsAcknowledgeFailed
                0x08003758       0x5e ./Drivers/STM32F4xx_HAL_Driver/Src/stm32f4xx_hal_i2c.o
 *fill*         0x080037b6        0x2 
 .text.HAL_RCC_OscConfig
                0x080037b8      0x4f0 ./Drivers/STM32F4xx_HAL_Driver/Src/stm32f4xx_hal_rcc.o
                0x080037b8                HAL_RCC_OscConfig
 .text.HAL_RCC_ClockConfig
                0x08003ca8      0x1cc ./Drivers/STM32F4xx_HAL_Driver/Src/stm32f4xx_hal_rcc.o
                0x08003ca8                HAL_RCC_ClockConfig
 .text.HAL_RCC_GetSysClockFreq
                0x08003e74      0x18c ./Drivers/STM32F4xx_HAL_Driver/Src/stm32f4xx_hal_rcc.o
                0x08003e74                HAL_RCC_GetSysClockFreq
 .text.HAL_RCC_GetHCLKFreq
                0x08004000       0x18 ./Drivers/STM32F4xx_HAL_Driver/Src/stm32f4xx_hal_rcc.o
                0x08004000                HAL_RCC_GetHCLKFreq
 .text.HAL_RCC_GetPCLK1Freq
                0x08004018       0x28 ./Drivers/STM32F4xx_HAL_Driver/Src/stm32f4xx_hal_rcc.o
                0x08004018                HAL_RCC_GetPCLK1Freq
 .text.HAL_RCC_GetPCLK2Freq
                0x08004040       0x28 ./Drivers/STM32F4xx_HAL_Driver/Src/stm32f4xx_hal_rcc.o
                0x08004040                HAL_RCC_GetPCLK2Freq
 .text.HAL_SPI_Init
                0x08004068      0x112 ./Drivers/STM32F4xx_HAL_Driver/Src/stm32f4xx_hal_spi.o
                0x08004068                HAL_SPI_Init
 .text.HAL_UART_Init
                0x0800417a       0x9a ./Drivers/STM32F4xx_HAL_Driver/Src/stm32f4xx_hal_uart.o
                0x0800417a                HAL_UART_Init
 .text.UART_SetConfig
                0x08004214      0x4e8 ./Drivers/STM32F4xx_HAL_Driver/Src/stm32f4xx_hal_uart.o
 .text._ZdlPv   0x080046fc        0x4 D:/Development/Software/STM32CubeIDE/plugins/com.st.stm32cube.ide.mcu.externaltools.gnu-tools-for-stm32.12.3.rel1.win32_1.0.200.202406191623/tools/bin/../lib/gcc/arm-none-eabi/12.3.1/../../../../arm-none-eabi/lib/thumb/v7e-m+fp/hard\libstdc++_nano.a(del_op.o)
                0x080046fc                operator delete(void*)
 .text._ZdlPvj  0x08004700        0x4 D:/Development/Software/STM32CubeIDE/plugins/com.st.stm32cube.ide.mcu.externaltools.gnu-tools-for-stm32.12.3.rel1.win32_1.0.200.202406191623/tools/bin/../lib/gcc/arm-none-eabi/12.3.1/../../../../arm-none-eabi/lib/thumb/v7e-m+fp/hard\libstdc++_nano.a(del_ops.o)
                0x08004700                operator delete(void*, unsigned int)
 .text._Znwj    0x08004704       0x22 D:/Development/Software/STM32CubeIDE/plugins/com.st.stm32cube.ide.mcu.externaltools.gnu-tools-for-stm32.12.3.rel1.win32_1.0.200.202406191623/tools/bin/../lib/gcc/arm-none-eabi/12.3.1/../../../../arm-none-eabi/lib/thumb/v7e-m+fp/hard\libstdc++_nano.a(new_op.o)
                0x08004704                operator new(unsigned int)
 .text._ZNSaIcEC2Ev
                0x08004726        0x2 D:/Development/Software/STM32CubeIDE/plugins/com.st.stm32cube.ide.mcu.externaltools.gnu-tools-for-stm32.12.3.rel1.win32_1.0.200.202406191623/tools/bin/../lib/gcc/arm-none-eabi/12.3.1/../../../../arm-none-eabi/lib/thumb/v7e-m+fp/hard\libstdc++_nano.a(allocator-inst.o)
                0x08004726                std::allocator<char>::allocator()
                0x08004726                std::allocator<char>::allocator()
 .text._ZNSaIcEC2ERKS_
                0x08004728        0x2 D:/Development/Software/STM32CubeIDE/plugins/com.st.stm32cube.ide.mcu.externaltools.gnu-tools-for-stm32.12.3.rel1.win32_1.0.200.202406191623/tools/bin/../lib/gcc/arm-none-eabi/12.3.1/../../../../arm-none-eabi/lib/thumb/v7e-m+fp/hard\libstdc++_nano.a(allocator-inst.o)
                0x08004728                std::allocator<char>::allocator(std::allocator<char> const&)
                0x08004728                std::allocator<char>::allocator(std::allocator<char> const&)
 .text._ZNSaIcED2Ev
                0x0800472a        0x2 D:/Development/Software/STM32CubeIDE/plugins/com.st.stm32cube.ide.mcu.externaltools.gnu-tools-for-stm32.12.3.rel1.win32_1.0.200.202406191623/tools/bin/../lib/gcc/arm-none-eabi/12.3.1/../../../../arm-none-eabi/lib/thumb/v7e-m+fp/hard\libstdc++_nano.a(allocator-inst.o)
                0x0800472a                std::allocator<char>::~allocator()
                0x0800472a                std::allocator<char>::~allocator()
 .text.unlikely._ZSt17__throw_bad_allocv
                0x0800472c        0x6 D:/Development/Software/STM32CubeIDE/plugins/com.st.stm32cube.ide.mcu.externaltools.gnu-tools-for-stm32.12.3.rel1.win32_1.0.200.202406191623/tools/bin/../lib/gcc/arm-none-eabi/12.3.1/../../../../arm-none-eabi/lib/thumb/v7e-m+fp/hard\libstdc++_nano.a(functexcept.o)
                0x0800472c                std::__throw_bad_alloc()
 .text.unlikely._ZSt28__throw_bad_array_new_lengthv
                0x08004732        0x6 D:/Development/Software/STM32CubeIDE/plugins/com.st.stm32cube.ide.mcu.externaltools.gnu-tools-for-stm32.12.3.rel1.win32_1.0.200.202406191623/tools/bin/../lib/gcc/arm-none-eabi/12.3.1/../../../../arm-none-eabi/lib/thumb/v7e-m+fp/hard\libstdc++_nano.a(functexcept.o)
                0x08004732                std::__throw_bad_array_new_length()
 .text.unlikely._ZSt19__throw_logic_errorPKc
                0x08004738        0x6 D:/Development/Software/STM32CubeIDE/plugins/com.st.stm32cube.ide.mcu.externaltools.gnu-tools-for-stm32.12.3.rel1.win32_1.0.200.202406191623/tools/bin/../lib/gcc/arm-none-eabi/12.3.1/../../../../arm-none-eabi/lib/thumb/v7e-m+fp/hard\libstdc++_nano.a(functexcept.o)
                0x08004738                std::__throw_logic_error(char const*)
 .text.unlikely._ZSt20__throw_length_errorPKc
                0x0800473e        0x6 D:/Development/Software/STM32CubeIDE/plugins/com.st.stm32cube.ide.mcu.externaltools.gnu-tools-for-stm32.12.3.rel1.win32_1.0.200.202406191623/tools/bin/../lib/gcc/arm-none-eabi/12.3.1/../../../../arm-none-eabi/lib/thumb/v7e-m+fp/hard\libstdc++_nano.a(functexcept.o)
                0x0800473e                std::__throw_length_error(char const*)
 .text._ZSt15get_new_handlerv
                0x08004744       0x10 D:/Development/Software/STM32CubeIDE/plugins/com.st.stm32cube.ide.mcu.externaltools.gnu-tools-for-stm32.12.3.rel1.win32_1.0.200.202406191623/tools/bin/../lib/gcc/arm-none-eabi/12.3.1/../../../../arm-none-eabi/lib/thumb/v7e-m+fp/hard\libstdc++_nano.a(new_handler.o)
                0x08004744                std::get_new_handler()
 .text.abort    0x08004754        0xe D:/Development/Software/STM32CubeIDE/plugins/com.st.stm32cube.ide.mcu.externaltools.gnu-tools-for-stm32.12.3.rel1.win32_1.0.200.202406191623/tools/bin/../lib/gcc/arm-none-eabi/12.3.1/../../../../arm-none-eabi/lib/thumb/v7e-m+fp/hard\libc_nano.a(libc_a-abort.o)
                0x08004754                abort
 *fill*         0x08004762        0x2 
 .text.malloc   0x08004764       0x10 D:/Development/Software/STM32CubeIDE/plugins/com.st.stm32cube.ide.mcu.externaltools.gnu-tools-for-stm32.12.3.rel1.win32_1.0.200.202406191623/tools/bin/../lib/gcc/arm-none-eabi/12.3.1/../../../../arm-none-eabi/lib/thumb/v7e-m+fp/hard\libc_nano.a(libc_a-malloc.o)
                0x08004764                malloc
 .text.free     0x08004774       0x10 D:/Development/Software/STM32CubeIDE/plugins/com.st.stm32cube.ide.mcu.externaltools.gnu-tools-for-stm32.12.3.rel1.win32_1.0.200.202406191623/tools/bin/../lib/gcc/arm-none-eabi/12.3.1/../../../../arm-none-eabi/lib/thumb/v7e-m+fp/hard\libc_nano.a(libc_a-malloc.o)
                0x08004774                free
 .text.sbrk_aligned
                0x08004784       0x44 D:/Development/Software/STM32CubeIDE/plugins/com.st.stm32cube.ide.mcu.externaltools.gnu-tools-for-stm32.12.3.rel1.win32_1.0.200.202406191623/tools/bin/../lib/gcc/arm-none-eabi/12.3.1/../../../../arm-none-eabi/lib/thumb/v7e-m+fp/hard\libc_nano.a(libc_a-mallocr.o)
 .text._malloc_r
                0x080047c8      0x100 D:/Development/Software/STM32CubeIDE/plugins/com.st.stm32cube.ide.mcu.externaltools.gnu-tools-for-stm32.12.3.rel1.win32_1.0.200.202406191623/tools/bin/../lib/gcc/arm-none-eabi/12.3.1/../../../../arm-none-eabi/lib/thumb/v7e-m+fp/hard\libc_nano.a(libc_a-mallocr.o)
                0x080047c8                _malloc_r
 .text.__malloc_lock
                0x080048c8        0xc D:/Development/Software/STM32CubeIDE/plugins/com.st.stm32cube.ide.mcu.externaltools.gnu-tools-for-stm32.12.3.rel1.win32_1.0.200.202406191623/tools/bin/../lib/gcc/arm-none-eabi/12.3.1/../../../../arm-none-eabi/lib/thumb/v7e-m+fp/hard\libc_nano.a(libc_a-mlock.o)
                0x080048c8                __malloc_lock
 .text.__malloc_unlock
                0x080048d4        0xc D:/Development/Software/STM32CubeIDE/plugins/com.st.stm32cube.ide.mcu.externaltools.gnu-tools-for-stm32.12.3.rel1.win32_1.0.200.202406191623/tools/bin/../lib/gcc/arm-none-eabi/12.3.1/../../../../arm-none-eabi/lib/thumb/v7e-m+fp/hard\libc_nano.a(libc_a-mlock.o)
                0x080048d4                __malloc_unlock
 .text.memset   0x080048e0       0x10 D:/Development/Software/STM32CubeIDE/plugins/com.st.stm32cube.ide.mcu.externaltools.gnu-tools-for-stm32.12.3.rel1.win32_1.0.200.202406191623/tools/bin/../lib/gcc/arm-none-eabi/12.3.1/../../../../arm-none-eabi/lib/thumb/v7e-m+fp/hard\libc_nano.a(libc_a-memset.o)
                0x080048e0                memset
 .text._raise_r
                0x080048f0       0x50 D:/Development/Software/STM32CubeIDE/plugins/com.st.stm32cube.ide.mcu.externaltools.gnu-tools-for-stm32.12.3.rel1.win32_1.0.200.202406191623/tools/bin/../lib/gcc/arm-none-eabi/12.3.1/../../../../arm-none-eabi/lib/thumb/v7e-m+fp/hard\libc_nano.a(libc_a-signal.o)
                0x080048f0                _raise_r
 .text.raise    0x08004940       0x10 D:/Development/Software/STM32CubeIDE/plugins/com.st.stm32cube.ide.mcu.externaltools.gnu-tools-for-stm32.12.3.rel1.win32_1.0.200.202406191623/tools/bin/../lib/gcc/arm-none-eabi/12.3.1/../../../../arm-none-eabi/lib/thumb/v7e-m+fp/hard\libc_nano.a(libc_a-signal.o)
                0x08004940                raise
 .text._kill_r  0x08004950       0x24 D:/Development/Software/STM32CubeIDE/plugins/com.st.stm32cube.ide.mcu.externaltools.gnu-tools-for-stm32.12.3.rel1.win32_1.0.200.202406191623/tools/bin/../lib/gcc/arm-none-eabi/12.3.1/../../../../arm-none-eabi/lib/thumb/v7e-m+fp/hard\libc_nano.a(libc_a-signalr.o)
                0x08004950                _kill_r
 .text._getpid_r
                0x08004974        0x4 D:/Development/Software/STM32CubeIDE/plugins/com.st.stm32cube.ide.mcu.externaltools.gnu-tools-for-stm32.12.3.rel1.win32_1.0.200.202406191623/tools/bin/../lib/gcc/arm-none-eabi/12.3.1/../../../../arm-none-eabi/lib/thumb/v7e-m+fp/hard\libc_nano.a(libc_a-signalr.o)
                0x08004974                _getpid_r
 .text._sbrk_r  0x08004978       0x20 D:/Development/Software/STM32CubeIDE/plugins/com.st.stm32cube.ide.mcu.externaltools.gnu-tools-for-stm32.12.3.rel1.win32_1.0.200.202406191623/tools/bin/../lib/gcc/arm-none-eabi/12.3.1/../../../../arm-none-eabi/lib/thumb/v7e-m+fp/hard\libc_nano.a(libc_a-sbrkr.o)
                0x08004978                _sbrk_r
 .text.__errno  0x08004998        0xc D:/Development/Software/STM32CubeIDE/plugins/com.st.stm32cube.ide.mcu.externaltools.gnu-tools-for-stm32.12.3.rel1.win32_1.0.200.202406191623/tools/bin/../lib/gcc/arm-none-eabi/12.3.1/../../../../arm-none-eabi/lib/thumb/v7e-m+fp/hard\libc_nano.a(libc_a-errno.o)
                0x08004998                __errno
 .text.__libc_init_array
                0x080049a4       0x48 D:/Development/Software/STM32CubeIDE/plugins/com.st.stm32cube.ide.mcu.externaltools.gnu-tools-for-stm32.12.3.rel1.win32_1.0.200.202406191623/tools/bin/../lib/gcc/arm-none-eabi/12.3.1/../../../../arm-none-eabi/lib/thumb/v7e-m+fp/hard\libc_nano.a(libc_a-init.o)
                0x080049a4                __libc_init_array
 .text.__retarget_lock_acquire_recursive
                0x080049ec        0x2 D:/Development/Software/STM32CubeIDE/plugins/com.st.stm32cube.ide.mcu.externaltools.gnu-tools-for-stm32.12.3.rel1.win32_1.0.200.202406191623/tools/bin/../lib/gcc/arm-none-eabi/12.3.1/../../../../arm-none-eabi/lib/thumb/v7e-m+fp/hard\libc_nano.a(libc_a-lock.o)
                0x080049ec                __retarget_lock_acquire_recursive
 .text.__retarget_lock_release_recursive
                0x080049ee        0x2 D:/Development/Software/STM32CubeIDE/plugins/com.st.stm32cube.ide.mcu.externaltools.gnu-tools-for-stm32.12.3.rel1.win32_1.0.200.202406191623/tools/bin/../lib/gcc/arm-none-eabi/12.3.1/../../../../arm-none-eabi/lib/thumb/v7e-m+fp/hard\libc_nano.a(libc_a-lock.o)
                0x080049ee                __retarget_lock_release_recursive
 .text.memcpy   0x080049f0       0x1c D:/Development/Software/STM32CubeIDE/plugins/com.st.stm32cube.ide.mcu.externaltools.gnu-tools-for-stm32.12.3.rel1.win32_1.0.200.202406191623/tools/bin/../lib/gcc/arm-none-eabi/12.3.1/../../../../arm-none-eabi/lib/thumb/v7e-m+fp/hard\libc_nano.a(libc_a-memcpy-stub.o)
                0x080049f0                memcpy
 .text._free_r  0x08004a0c       0x94 D:/Development/Software/STM32CubeIDE/plugins/com.st.stm32cube.ide.mcu.externaltools.gnu-tools-for-stm32.12.3.rel1.win32_1.0.200.202406191623/tools/bin/../lib/gcc/arm-none-eabi/12.3.1/../../../../arm-none-eabi/lib/thumb/v7e-m+fp/hard\libc_nano.a(libc_a-freer.o)
                0x08004a0c                _free_r
 *(.glue_7)
 .glue_7        0x08004aa0        0x0 linker stubs
 *(.glue_7t)
 .glue_7t       0x08004aa0        0x0 linker stubs
 *(.eh_frame)
 .eh_frame      0x08004aa0        0x0 D:/Development/Software/STM32CubeIDE/plugins/com.st.stm32cube.ide.mcu.externaltools.gnu-tools-for-stm32.12.3.rel1.win32_1.0.200.202406191623/tools/bin/../lib/gcc/arm-none-eabi/12.3.1/thumb/v7e-m+fp/hard/crtbegin.o
 *(.init)
 .init          0x08004aa0        0x4 D:/Development/Software/STM32CubeIDE/plugins/com.st.stm32cube.ide.mcu.externaltools.gnu-tools-for-stm32.12.3.rel1.win32_1.0.200.202406191623/tools/bin/../lib/gcc/arm-none-eabi/12.3.1/thumb/v7e-m+fp/hard/crti.o
                0x08004aa0                _init
 .init          0x08004aa4        0x8 D:/Development/Software/STM32CubeIDE/plugins/com.st.stm32cube.ide.mcu.externaltools.gnu-tools-for-stm32.12.3.rel1.win32_1.0.200.202406191623/tools/bin/../lib/gcc/arm-none-eabi/12.3.1/thumb/v7e-m+fp/hard/crtn.o
 *(.fini)
 .fini          0x08004aac        0x4 D:/Development/Software/STM32CubeIDE/plugins/com.st.stm32cube.ide.mcu.externaltools.gnu-tools-for-stm32.12.3.rel1.win32_1.0.200.202406191623/tools/bin/../lib/gcc/arm-none-eabi/12.3.1/thumb/v7e-m+fp/hard/crti.o
                0x08004aac                _fini
 .fini          0x08004ab0        0x8 D:/Development/Software/STM32CubeIDE/plugins/com.st.stm32cube.ide.mcu.externaltools.gnu-tools-for-stm32.12.3.rel1.win32_1.0.200.202406191623/tools/bin/../lib/gcc/arm-none-eabi/12.3.1/thumb/v7e-m+fp/hard/crtn.o
                0x08004ab8                        . = ALIGN (0x4)
                0x08004ab8                        _etext = .

.vfp11_veneer   0x08004ab8        0x0
 .vfp11_veneer  0x08004ab8        0x0 linker stubs

.v4_bx          0x08004ab8        0x0
 .v4_bx         0x08004ab8        0x0 linker stubs

.iplt           0x08004ab8        0x0
 .iplt          0x08004ab8        0x0 D:/Development/Software/STM32CubeIDE/plugins/com.st.stm32cube.ide.mcu.externaltools.gnu-tools-for-stm32.12.3.rel1.win32_1.0.200.202406191623/tools/bin/../lib/gcc/arm-none-eabi/12.3.1/thumb/v7e-m+fp/hard/crtbegin.o

.rodata         0x08004ab8       0x7c
                0x08004ab8                        . = ALIGN (0x4)
 *(.rodata)
 .rodata        0x08004ab8       0x64 ./Core/Src/main.o
 *(.rodata*)
 .rodata.AHBPrescTable
                0x08004b1c       0x10 ./Core/Src/system_stm32f4xx.o
                0x08004b1c                AHBPrescTable
 .rodata.APBPrescTable
                0x08004b2c        0x8 ./Core/Src/system_stm32f4xx.o
                0x08004b2c                APBPrescTable
                0x08004b34                        . = ALIGN (0x4)

.ARM.extab      0x08004b34        0x0
                0x08004b34                        . = ALIGN (0x4)
 *(.ARM.extab* .gnu.linkonce.armextab.*)
                0x08004b34                        . = ALIGN (0x4)

.ARM            0x08004b34        0x8
                0x08004b34                        . = ALIGN (0x4)
                0x08004b34                        __exidx_start = .
 *(.ARM.exidx*)
 .ARM.exidx     0x08004b34        0x8 D:/Development/Software/STM32CubeIDE/plugins/com.st.stm32cube.ide.mcu.externaltools.gnu-tools-for-stm32.12.3.rel1.win32_1.0.200.202406191623/tools/bin/../lib/gcc/arm-none-eabi/12.3.1/../../../../arm-none-eabi/lib/thumb/v7e-m+fp/hard\libc_nano.a(libc_a-strlen.o)
 .ARM.exidx     0x08004b3c        0x0 D:/Development/Software/STM32CubeIDE/plugins/com.st.stm32cube.ide.mcu.externaltools.gnu-tools-for-stm32.12.3.rel1.win32_1.0.200.202406191623/tools/bin/../lib/gcc/arm-none-eabi/12.3.1/thumb/v7e-m+fp/hard\libgcc.a(_udivmoddi4.o)
                                  0x8 (size before relaxing)
                0x08004b3c                        __exidx_end = .
                0x08004b3c                        . = ALIGN (0x4)

.rel.dyn        0x08004b3c        0x0
 .rel.iplt      0x08004b3c        0x0 D:/Development/Software/STM32CubeIDE/plugins/com.st.stm32cube.ide.mcu.externaltools.gnu-tools-for-stm32.12.3.rel1.win32_1.0.200.202406191623/tools/bin/../lib/gcc/arm-none-eabi/12.3.1/thumb/v7e-m+fp/hard/crtbegin.o

.preinit_array  0x08004b3c        0x0
                0x08004b3c                        . = ALIGN (0x4)
                0x08004b3c                        PROVIDE (__preinit_array_start = .)
 *(.preinit_array*)
                0x08004b3c                        PROVIDE (__preinit_array_end = .)
                0x08004b3c                        . = ALIGN (0x4)

.init_array     0x08004b3c        0x4
                0x08004b3c                        . = ALIGN (0x4)
                0x08004b3c                        PROVIDE (__init_array_start = .)
 *(SORT_BY_NAME(.init_array.*))
 *(.init_array*)
 .init_array    0x08004b3c        0x4 D:/Development/Software/STM32CubeIDE/plugins/com.st.stm32cube.ide.mcu.externaltools.gnu-tools-for-stm32.12.3.rel1.win32_1.0.200.202406191623/tools/bin/../lib/gcc/arm-none-eabi/12.3.1/thumb/v7e-m+fp/hard/crtbegin.o
                0x08004b40                        PROVIDE (__init_array_end = .)
                0x08004b40                        . = ALIGN (0x4)

.fini_array     0x08004b40        0x4
                0x08004b40                        . = ALIGN (0x4)
                [!provide]                        PROVIDE (__fini_array_start = .)
 *(SORT_BY_NAME(.fini_array.*))
 *(.fini_array*)
 .fini_array    0x08004b40        0x4 D:/Development/Software/STM32CubeIDE/plugins/com.st.stm32cube.ide.mcu.externaltools.gnu-tools-for-stm32.12.3.rel1.win32_1.0.200.202406191623/tools/bin/../lib/gcc/arm-none-eabi/12.3.1/thumb/v7e-m+fp/hard/crtbegin.o
                [!provide]                        PROVIDE (__fini_array_end = .)
                0x08004b44                        . = ALIGN (0x4)
                0x08004b44                        _sidata = LOADADDR (.data)

.data           0x20000000       0x5c load address 0x08004b44
                0x20000000                        . = ALIGN (0x4)
                0x20000000                        _sdata = .
 *(.data)
 *(.data*)
 .data.SystemCoreClock
                0x20000000        0x4 ./Core/Src/system_stm32f4xx.o
                0x20000000                SystemCoreClock
 .data.uwTickPrio
                0x20000004        0x4 ./Drivers/STM32F4xx_HAL_Driver/Src/stm32f4xx_hal.o
                0x20000004                uwTickPrio
 .data.uwTickFreq
                0x20000008        0x1 ./Drivers/STM32F4xx_HAL_Driver/Src/stm32f4xx_hal.o
                0x20000008                uwTickFreq
 *fill*         0x20000009        0x3 
 .data._impure_ptr
                0x2000000c        0x4 D:/Development/Software/STM32CubeIDE/plugins/com.st.stm32cube.ide.mcu.externaltools.gnu-tools-for-stm32.12.3.rel1.win32_1.0.200.202406191623/tools/bin/../lib/gcc/arm-none-eabi/12.3.1/../../../../arm-none-eabi/lib/thumb/v7e-m+fp/hard\libc_nano.a(libc_a-impure.o)
                0x2000000c                _impure_ptr
 .data._impure_data
                0x20000010       0x4c D:/Development/Software/STM32CubeIDE/plugins/com.st.stm32cube.ide.mcu.externaltools.gnu-tools-for-stm32.12.3.rel1.win32_1.0.200.202406191623/tools/bin/../lib/gcc/arm-none-eabi/12.3.1/../../../../arm-none-eabi/lib/thumb/v7e-m+fp/hard\libc_nano.a(libc_a-impure.o)
                0x20000010                _impure_data
 *(.RamFunc)
 *(.RamFunc*)
                0x2000005c                        . = ALIGN (0x4)
                0x2000005c                        _edata = .
                0x08004ba0                        _siccmram = LOADADDR (.ccmram)

.igot.plt       0x2000005c        0x0 load address 0x08004ba0
 .igot.plt      0x2000005c        0x0 D:/Development/Software/STM32CubeIDE/plugins/com.st.stm32cube.ide.mcu.externaltools.gnu-tools-for-stm32.12.3.rel1.win32_1.0.200.202406191623/tools/bin/../lib/gcc/arm-none-eabi/12.3.1/thumb/v7e-m+fp/hard/crtbegin.o

.ccmram         0x10000000        0x0 load address 0x08004ba0
                0x10000000                        . = ALIGN (0x4)
                0x10000000                        _sccmram = .
 *(.ccmram)
 *(.ccmram*)
                0x10000000                        . = ALIGN (0x4)
                0x10000000                        _eccmram = .
                0x10000000                        . = ALIGN (0x4)

.bss            0x2000005c      0x594
                0x2000005c                        _sbss = .
                0x2000005c                        __bss_start__ = _sbss
 *(.bss)
 .bss           0x2000005c       0x1c D:/Development/Software/STM32CubeIDE/plugins/com.st.stm32cube.ide.mcu.externaltools.gnu-tools-for-stm32.12.3.rel1.win32_1.0.200.202406191623/tools/bin/../lib/gcc/arm-none-eabi/12.3.1/thumb/v7e-m+fp/hard/crtbegin.o
 *(.bss*)
 .bss.TxConfig  0x20000078       0x38 ./Core/Src/main.o
                0x20000078                TxConfig
 .bss.DMARxDscrTab
                0x200000b0       0xa0 ./Core/Src/main.o
                0x200000b0                DMARxDscrTab
 .bss.DMATxDscrTab
                0x20000150       0xa0 ./Core/Src/main.o
                0x20000150                DMATxDscrTab
 .bss.hcan1     0x200001f0       0x28 ./Core/Src/main.o
                0x200001f0                hcan1
 .bss.heth      0x20000218       0xb0 ./Core/Src/main.o
                0x20000218                heth
 .bss.hi2c1     0x200002c8       0x54 ./Core/Src/main.o
                0x200002c8                hi2c1
 .bss.hi2c3     0x2000031c       0x54 ./Core/Src/main.o
                0x2000031c                hi2c3
 .bss.hspi1     0x20000370       0x58 ./Core/Src/main.o
                0x20000370                hspi1
 .bss.huart1    0x200003c8       0x44 ./Core/Src/main.o
                0x200003c8                huart1
 .bss.huart2    0x2000040c       0x44 ./Core/Src/main.o
                0x2000040c                huart2
 .bss.huart3    0x20000450       0x44 ./Core/Src/main.o
                0x20000450                huart3
 .bss._ZZL11MX_ETH_InitvE7MACAddr
                0x20000494        0x6 ./Core/Src/main.o
 *fill*         0x2000049a        0x2 
 .bss.__sbrk_heap_end
                0x2000049c        0x4 ./Core/Src/sysmem.o
 .bss.uwTick    0x200004a0        0x4 ./Drivers/STM32F4xx_HAL_Driver/Src/stm32f4xx_hal.o
                0x200004a0                uwTick
 .bss._ZN12_GLOBAL__N_113__new_handlerE
                0x200004a4        0x4 D:/Development/Software/STM32CubeIDE/plugins/com.st.stm32cube.ide.mcu.externaltools.gnu-tools-for-stm32.12.3.rel1.win32_1.0.200.202406191623/tools/bin/../lib/gcc/arm-none-eabi/12.3.1/../../../../arm-none-eabi/lib/thumb/v7e-m+fp/hard\libstdc++_nano.a(new_handler.o)
 .bss.__malloc_sbrk_start
                0x200004a8        0x4 D:/Development/Software/STM32CubeIDE/plugins/com.st.stm32cube.ide.mcu.externaltools.gnu-tools-for-stm32.12.3.rel1.win32_1.0.200.202406191623/tools/bin/../lib/gcc/arm-none-eabi/12.3.1/../../../../arm-none-eabi/lib/thumb/v7e-m+fp/hard\libc_nano.a(libc_a-mallocr.o)
                0x200004a8                __malloc_sbrk_start
 .bss.__malloc_free_list
                0x200004ac        0x4 D:/Development/Software/STM32CubeIDE/plugins/com.st.stm32cube.ide.mcu.externaltools.gnu-tools-for-stm32.12.3.rel1.win32_1.0.200.202406191623/tools/bin/../lib/gcc/arm-none-eabi/12.3.1/../../../../arm-none-eabi/lib/thumb/v7e-m+fp/hard\libc_nano.a(libc_a-mallocr.o)
                0x200004ac                __malloc_free_list
 .bss.__sf      0x200004b0      0x138 D:/Development/Software/STM32CubeIDE/plugins/com.st.stm32cube.ide.mcu.externaltools.gnu-tools-for-stm32.12.3.rel1.win32_1.0.200.202406191623/tools/bin/../lib/gcc/arm-none-eabi/12.3.1/../../../../arm-none-eabi/lib/thumb/v7e-m+fp/hard\libc_nano.a(libc_a-findfp.o)
                0x200004b0                __sf
 .bss.errno     0x200005e8        0x4 D:/Development/Software/STM32CubeIDE/plugins/com.st.stm32cube.ide.mcu.externaltools.gnu-tools-for-stm32.12.3.rel1.win32_1.0.200.202406191623/tools/bin/../lib/gcc/arm-none-eabi/12.3.1/../../../../arm-none-eabi/lib/thumb/v7e-m+fp/hard\libc_nano.a(libc_a-reent.o)
                0x200005e8                errno
 .bss.__lock___malloc_recursive_mutex
                0x200005ec        0x1 D:/Development/Software/STM32CubeIDE/plugins/com.st.stm32cube.ide.mcu.externaltools.gnu-tools-for-stm32.12.3.rel1.win32_1.0.200.202406191623/tools/bin/../lib/gcc/arm-none-eabi/12.3.1/../../../../arm-none-eabi/lib/thumb/v7e-m+fp/hard\libc_nano.a(libc_a-lock.o)
                0x200005ec                __lock___malloc_recursive_mutex
 *(COMMON)
                0x200005f0                        . = ALIGN (0x4)
 *fill*         0x200005ed        0x3 
                0x200005f0                        _ebss = .
                0x200005f0                        __bss_end__ = _ebss

._user_heap_stack
                0x200005f0      0x600
                0x200005f0                        . = ALIGN (0x8)
                [!provide]                        PROVIDE (end = .)
                0x200005f0                        PROVIDE (_end = .)
                0x200007f0                        . = (. + _Min_Heap_Size)
 *fill*         0x200005f0      0x200 
                0x20000bf0                        . = (. + _Min_Stack_Size)
 *fill*         0x200007f0      0x400 
                0x20000bf0                        . = ALIGN (0x8)

/DISCARD/
 libc.a(*)
 libm.a(*)
 libgcc.a(*)

.ARM.attributes
                0x00000000       0x30
 *(.ARM.attributes)
 .ARM.attributes
                0x00000000       0x22 D:/Development/Software/STM32CubeIDE/plugins/com.st.stm32cube.ide.mcu.externaltools.gnu-tools-for-stm32.12.3.rel1.win32_1.0.200.202406191623/tools/bin/../lib/gcc/arm-none-eabi/12.3.1/thumb/v7e-m+fp/hard/crti.o
 .ARM.attributes
                0x00000022       0x34 D:/Development/Software/STM32CubeIDE/plugins/com.st.stm32cube.ide.mcu.externaltools.gnu-tools-for-stm32.12.3.rel1.win32_1.0.200.202406191623/tools/bin/../lib/gcc/arm-none-eabi/12.3.1/thumb/v7e-m+fp/hard/crtbegin.o
 .ARM.attributes
                0x00000056       0x34 ./Core/Src/Devices/LCD.o
 .ARM.attributes
                0x0000008a       0x34 ./Core/Src/Interfaces/GPIO.o
 .ARM.attributes
                0x000000be       0x34 ./Core/Src/Interfaces/I2C.o
 .ARM.attributes
                0x000000f2       0x34 ./Core/Src/main.o
 .ARM.attributes
                0x00000126       0x34 ./Core/Src/stm32f4xx_hal_msp.o
 .ARM.attributes
                0x0000015a       0x34 ./Core/Src/stm32f4xx_it.o
 .ARM.attributes
                0x0000018e       0x34 ./Core/Src/syscalls.o
 .ARM.attributes
                0x000001c2       0x34 ./Core/Src/sysmem.o
 .ARM.attributes
                0x000001f6       0x34 ./Core/Src/system_stm32f4xx.o
 .ARM.attributes
                0x0000022a       0x21 ./Core/Startup/startup_stm32f417vgtx.o
 .ARM.attributes
                0x0000024b       0x34 ./Drivers/STM32F4xx_HAL_Driver/Src/stm32f4xx_hal.o
 .ARM.attributes
                0x0000027f       0x34 ./Drivers/STM32F4xx_HAL_Driver/Src/stm32f4xx_hal_can.o
 .ARM.attributes
                0x000002b3       0x34 ./Drivers/STM32F4xx_HAL_Driver/Src/stm32f4xx_hal_cortex.o
 .ARM.attributes
                0x000002e7       0x34 ./Drivers/STM32F4xx_HAL_Driver/Src/stm32f4xx_hal_eth.o
 .ARM.attributes
                0x0000031b       0x34 ./Drivers/STM32F4xx_HAL_Driver/Src/stm32f4xx_hal_gpio.o
 .ARM.attributes
                0x0000034f       0x34 ./Drivers/STM32F4xx_HAL_Driver/Src/stm32f4xx_hal_i2c.o
 .ARM.attributes
                0x00000383       0x34 ./Drivers/STM32F4xx_HAL_Driver/Src/stm32f4xx_hal_rcc.o
 .ARM.attributes
                0x000003b7       0x34 ./Drivers/STM32F4xx_HAL_Driver/Src/stm32f4xx_hal_spi.o
 .ARM.attributes
                0x000003eb       0x34 ./Drivers/STM32F4xx_HAL_Driver/Src/stm32f4xx_hal_uart.o
 .ARM.attributes
                0x0000041f       0x34 D:/Development/Software/STM32CubeIDE/plugins/com.st.stm32cube.ide.mcu.externaltools.gnu-tools-for-stm32.12.3.rel1.win32_1.0.200.202406191623/tools/bin/../lib/gcc/arm-none-eabi/12.3.1/../../../../arm-none-eabi/lib/thumb/v7e-m+fp/hard\libstdc++_nano.a(del_op.o)
 .ARM.attributes
                0x00000453       0x34 D:/Development/Software/STM32CubeIDE/plugins/com.st.stm32cube.ide.mcu.externaltools.gnu-tools-for-stm32.12.3.rel1.win32_1.0.200.202406191623/tools/bin/../lib/gcc/arm-none-eabi/12.3.1/../../../../arm-none-eabi/lib/thumb/v7e-m+fp/hard\libstdc++_nano.a(del_ops.o)
 .ARM.attributes
                0x00000487       0x34 D:/Development/Software/STM32CubeIDE/plugins/com.st.stm32cube.ide.mcu.externaltools.gnu-tools-for-stm32.12.3.rel1.win32_1.0.200.202406191623/tools/bin/../lib/gcc/arm-none-eabi/12.3.1/../../../../arm-none-eabi/lib/thumb/v7e-m+fp/hard\libstdc++_nano.a(new_op.o)
 .ARM.attributes
                0x000004bb       0x34 D:/Development/Software/STM32CubeIDE/plugins/com.st.stm32cube.ide.mcu.externaltools.gnu-tools-for-stm32.12.3.rel1.win32_1.0.200.202406191623/tools/bin/../lib/gcc/arm-none-eabi/12.3.1/../../../../arm-none-eabi/lib/thumb/v7e-m+fp/hard\libstdc++_nano.a(allocator-inst.o)
 .ARM.attributes
                0x000004ef       0x34 D:/Development/Software/STM32CubeIDE/plugins/com.st.stm32cube.ide.mcu.externaltools.gnu-tools-for-stm32.12.3.rel1.win32_1.0.200.202406191623/tools/bin/../lib/gcc/arm-none-eabi/12.3.1/../../../../arm-none-eabi/lib/thumb/v7e-m+fp/hard\libstdc++_nano.a(functexcept.o)
 .ARM.attributes
                0x00000523       0x34 D:/Development/Software/STM32CubeIDE/plugins/com.st.stm32cube.ide.mcu.externaltools.gnu-tools-for-stm32.12.3.rel1.win32_1.0.200.202406191623/tools/bin/../lib/gcc/arm-none-eabi/12.3.1/../../../../arm-none-eabi/lib/thumb/v7e-m+fp/hard\libstdc++_nano.a(new_handler.o)
 .ARM.attributes
                0x00000557       0x34 D:/Development/Software/STM32CubeIDE/plugins/com.st.stm32cube.ide.mcu.externaltools.gnu-tools-for-stm32.12.3.rel1.win32_1.0.200.202406191623/tools/bin/../lib/gcc/arm-none-eabi/12.3.1/../../../../arm-none-eabi/lib/thumb/v7e-m+fp/hard\libc_nano.a(libc_a-abort.o)
 .ARM.attributes
                0x0000058b       0x34 D:/Development/Software/STM32CubeIDE/plugins/com.st.stm32cube.ide.mcu.externaltools.gnu-tools-for-stm32.12.3.rel1.win32_1.0.200.202406191623/tools/bin/../lib/gcc/arm-none-eabi/12.3.1/../../../../arm-none-eabi/lib/thumb/v7e-m+fp/hard\libc_nano.a(libc_a-malloc.o)
 .ARM.attributes
                0x000005bf       0x34 D:/Development/Software/STM32CubeIDE/plugins/com.st.stm32cube.ide.mcu.externaltools.gnu-tools-for-stm32.12.3.rel1.win32_1.0.200.202406191623/tools/bin/../lib/gcc/arm-none-eabi/12.3.1/../../../../arm-none-eabi/lib/thumb/v7e-m+fp/hard\libc_nano.a(libc_a-mallocr.o)
 .ARM.attributes
                0x000005f3       0x34 D:/Development/Software/STM32CubeIDE/plugins/com.st.stm32cube.ide.mcu.externaltools.gnu-tools-for-stm32.12.3.rel1.win32_1.0.200.202406191623/tools/bin/../lib/gcc/arm-none-eabi/12.3.1/../../../../arm-none-eabi/lib/thumb/v7e-m+fp/hard\libc_nano.a(libc_a-mlock.o)
 .ARM.attributes
                0x00000627       0x34 D:/Development/Software/STM32CubeIDE/plugins/com.st.stm32cube.ide.mcu.externaltools.gnu-tools-for-stm32.12.3.rel1.win32_1.0.200.202406191623/tools/bin/../lib/gcc/arm-none-eabi/12.3.1/../../../../arm-none-eabi/lib/thumb/v7e-m+fp/hard\libc_nano.a(libc_a-findfp.o)
 .ARM.attributes
                0x0000065b       0x34 D:/Development/Software/STM32CubeIDE/plugins/com.st.stm32cube.ide.mcu.externaltools.gnu-tools-for-stm32.12.3.rel1.win32_1.0.200.202406191623/tools/bin/../lib/gcc/arm-none-eabi/12.3.1/../../../../arm-none-eabi/lib/thumb/v7e-m+fp/hard\libc_nano.a(libc_a-memset.o)
 .ARM.attributes
                0x0000068f       0x34 D:/Development/Software/STM32CubeIDE/plugins/com.st.stm32cube.ide.mcu.externaltools.gnu-tools-for-stm32.12.3.rel1.win32_1.0.200.202406191623/tools/bin/../lib/gcc/arm-none-eabi/12.3.1/../../../../arm-none-eabi/lib/thumb/v7e-m+fp/hard\libc_nano.a(libc_a-signal.o)
 .ARM.attributes
                0x000006c3       0x34 D:/Development/Software/STM32CubeIDE/plugins/com.st.stm32cube.ide.mcu.externaltools.gnu-tools-for-stm32.12.3.rel1.win32_1.0.200.202406191623/tools/bin/../lib/gcc/arm-none-eabi/12.3.1/../../../../arm-none-eabi/lib/thumb/v7e-m+fp/hard\libc_nano.a(libc_a-reent.o)
 .ARM.attributes
                0x000006f7       0x34 D:/Development/Software/STM32CubeIDE/plugins/com.st.stm32cube.ide.mcu.externaltools.gnu-tools-for-stm32.12.3.rel1.win32_1.0.200.202406191623/tools/bin/../lib/gcc/arm-none-eabi/12.3.1/../../../../arm-none-eabi/lib/thumb/v7e-m+fp/hard\libc_nano.a(libc_a-impure.o)
 .ARM.attributes
                0x0000072b       0x34 D:/Development/Software/STM32CubeIDE/plugins/com.st.stm32cube.ide.mcu.externaltools.gnu-tools-for-stm32.12.3.rel1.win32_1.0.200.202406191623/tools/bin/../lib/gcc/arm-none-eabi/12.3.1/../../../../arm-none-eabi/lib/thumb/v7e-m+fp/hard\libc_nano.a(libc_a-signalr.o)
 .ARM.attributes
                0x0000075f       0x34 D:/Development/Software/STM32CubeIDE/plugins/com.st.stm32cube.ide.mcu.externaltools.gnu-tools-for-stm32.12.3.rel1.win32_1.0.200.202406191623/tools/bin/../lib/gcc/arm-none-eabi/12.3.1/../../../../arm-none-eabi/lib/thumb/v7e-m+fp/hard\libc_nano.a(libc_a-sbrkr.o)
 .ARM.attributes
                0x00000793       0x34 D:/Development/Software/STM32CubeIDE/plugins/com.st.stm32cube.ide.mcu.externaltools.gnu-tools-for-stm32.12.3.rel1.win32_1.0.200.202406191623/tools/bin/../lib/gcc/arm-none-eabi/12.3.1/../../../../arm-none-eabi/lib/thumb/v7e-m+fp/hard\libc_nano.a(libc_a-errno.o)
 .ARM.attributes
                0x000007c7       0x34 D:/Development/Software/STM32CubeIDE/plugins/com.st.stm32cube.ide.mcu.externaltools.gnu-tools-for-stm32.12.3.rel1.win32_1.0.200.202406191623/tools/bin/../lib/gcc/arm-none-eabi/12.3.1/../../../../arm-none-eabi/lib/thumb/v7e-m+fp/hard\libc_nano.a(libc_a-init.o)
 .ARM.attributes
                0x000007fb       0x34 D:/Development/Software/STM32CubeIDE/plugins/com.st.stm32cube.ide.mcu.externaltools.gnu-tools-for-stm32.12.3.rel1.win32_1.0.200.202406191623/tools/bin/../lib/gcc/arm-none-eabi/12.3.1/../../../../arm-none-eabi/lib/thumb/v7e-m+fp/hard\libc_nano.a(libc_a-lock.o)
 .ARM.attributes
                0x0000082f       0x34 D:/Development/Software/STM32CubeIDE/plugins/com.st.stm32cube.ide.mcu.externaltools.gnu-tools-for-stm32.12.3.rel1.win32_1.0.200.202406191623/tools/bin/../lib/gcc/arm-none-eabi/12.3.1/../../../../arm-none-eabi/lib/thumb/v7e-m+fp/hard\libc_nano.a(libc_a-memcpy-stub.o)
 .ARM.attributes
                0x00000863       0x17 D:/Development/Software/STM32CubeIDE/plugins/com.st.stm32cube.ide.mcu.externaltools.gnu-tools-for-stm32.12.3.rel1.win32_1.0.200.202406191623/tools/bin/../lib/gcc/arm-none-eabi/12.3.1/../../../../arm-none-eabi/lib/thumb/v7e-m+fp/hard\libc_nano.a(libc_a-strlen.o)
 .ARM.attributes
                0x0000087a       0x34 D:/Development/Software/STM32CubeIDE/plugins/com.st.stm32cube.ide.mcu.externaltools.gnu-tools-for-stm32.12.3.rel1.win32_1.0.200.202406191623/tools/bin/../lib/gcc/arm-none-eabi/12.3.1/../../../../arm-none-eabi/lib/thumb/v7e-m+fp/hard\libc_nano.a(libc_a-freer.o)
 .ARM.attributes
                0x000008ae       0x22 D:/Development/Software/STM32CubeIDE/plugins/com.st.stm32cube.ide.mcu.externaltools.gnu-tools-for-stm32.12.3.rel1.win32_1.0.200.202406191623/tools/bin/../lib/gcc/arm-none-eabi/12.3.1/thumb/v7e-m+fp/hard\libgcc.a(_aeabi_uldivmod.o)
 .ARM.attributes
                0x000008d0       0x34 D:/Development/Software/STM32CubeIDE/plugins/com.st.stm32cube.ide.mcu.externaltools.gnu-tools-for-stm32.12.3.rel1.win32_1.0.200.202406191623/tools/bin/../lib/gcc/arm-none-eabi/12.3.1/thumb/v7e-m+fp/hard\libgcc.a(_udivmoddi4.o)
 .ARM.attributes
                0x00000904       0x22 D:/Development/Software/STM32CubeIDE/plugins/com.st.stm32cube.ide.mcu.externaltools.gnu-tools-for-stm32.12.3.rel1.win32_1.0.200.202406191623/tools/bin/../lib/gcc/arm-none-eabi/12.3.1/thumb/v7e-m+fp/hard\libgcc.a(_dvmd_tls.o)
 .ARM.attributes
                0x00000926       0x22 D:/Development/Software/STM32CubeIDE/plugins/com.st.stm32cube.ide.mcu.externaltools.gnu-tools-for-stm32.12.3.rel1.win32_1.0.200.202406191623/tools/bin/../lib/gcc/arm-none-eabi/12.3.1/thumb/v7e-m+fp/hard/crtn.o
OUTPUT(STM32F417 Demo Board.elf elf32-littlearm)
LOAD linker stubs
LOAD D:/Development/Software/STM32CubeIDE/plugins/com.st.stm32cube.ide.mcu.externaltools.gnu-tools-for-stm32.12.3.rel1.win32_1.0.200.202406191623/tools/bin/../lib/gcc/arm-none-eabi/12.3.1/../../../../arm-none-eabi/lib/thumb/v7e-m+fp/hard\libc.a
LOAD D:/Development/Software/STM32CubeIDE/plugins/com.st.stm32cube.ide.mcu.externaltools.gnu-tools-for-stm32.12.3.rel1.win32_1.0.200.202406191623/tools/bin/../lib/gcc/arm-none-eabi/12.3.1/../../../../arm-none-eabi/lib/thumb/v7e-m+fp/hard\libm.a
LOAD D:/Development/Software/STM32CubeIDE/plugins/com.st.stm32cube.ide.mcu.externaltools.gnu-tools-for-stm32.12.3.rel1.win32_1.0.200.202406191623/tools/bin/../lib/gcc/arm-none-eabi/12.3.1/thumb/v7e-m+fp/hard\libgcc.a

.debug_info     0x00000000    0x1f6f0
 .debug_info    0x00000000     0x5f2b ./Core/Src/Devices/LCD.o
 .debug_info    0x00005f2b      0x3c9 ./Core/Src/Interfaces/GPIO.o
 .debug_info    0x000062f4     0x1fe3 ./Core/Src/Interfaces/I2C.o
 .debug_info    0x000082d7     0x88b3 ./Core/Src/main.o
 .debug_info    0x00010b8a     0x1e14 ./Core/Src/stm32f4xx_hal_msp.o
 .debug_info    0x0001299e      0x112 ./Core/Src/stm32f4xx_it.o
 .debug_info    0x00012ab0      0x6a3 ./Core/Src/syscalls.o
 .debug_info    0x00013153      0x168 ./Core/Src/sysmem.o
 .debug_info    0x000132bb      0x512 ./Core/Src/system_stm32f4xx.o
 .debug_info    0x000137cd       0x30 ./Core/Startup/startup_stm32f417vgtx.o
 .debug_info    0x000137fd      0x94e ./Drivers/STM32F4xx_HAL_Driver/Src/stm32f4xx_hal.o
 .debug_info    0x0001414b      0xf04 ./Drivers/STM32F4xx_HAL_Driver/Src/stm32f4xx_hal_can.o
 .debug_info    0x0001504f      0xd4c ./Drivers/STM32F4xx_HAL_Driver/Src/stm32f4xx_hal_cortex.o
 .debug_info    0x00015d9b     0x204d ./Drivers/STM32F4xx_HAL_Driver/Src/stm32f4xx_hal_eth.o
 .debug_info    0x00017de8      0x6c3 ./Drivers/STM32F4xx_HAL_Driver/Src/stm32f4xx_hal_gpio.o
 .debug_info    0x000184ab     0x23e1 ./Drivers/STM32F4xx_HAL_Driver/Src/stm32f4xx_hal_i2c.o
 .debug_info    0x0001a88c      0x8b1 ./Drivers/STM32F4xx_HAL_Driver/Src/stm32f4xx_hal_rcc.o
 .debug_info    0x0001b13d     0x15fb ./Drivers/STM32F4xx_HAL_Driver/Src/stm32f4xx_hal_spi.o
 .debug_info    0x0001c738     0x2fb8 ./Drivers/STM32F4xx_HAL_Driver/Src/stm32f4xx_hal_uart.o

.debug_abbrev   0x00000000     0x390c
 .debug_abbrev  0x00000000      0x7b8 ./Core/Src/Devices/LCD.o
 .debug_abbrev  0x000007b8      0x268 ./Core/Src/Interfaces/GPIO.o
 .debug_abbrev  0x00000a20      0x5f4 ./Core/Src/Interfaces/I2C.o
 .debug_abbrev  0x00001014      0xb60 ./Core/Src/main.o
 .debug_abbrev  0x00001b74      0x24d ./Core/Src/stm32f4xx_hal_msp.o
 .debug_abbrev  0x00001dc1       0x73 ./Core/Src/stm32f4xx_it.o
 .debug_abbrev  0x00001e34      0x1b6 ./Core/Src/syscalls.o
 .debug_abbrev  0x00001fea       0xbc ./Core/Src/sysmem.o
 .debug_abbrev  0x000020a6      0x11a ./Core/Src/system_stm32f4xx.o
 .debug_abbrev  0x000021c0       0x24 ./Core/Startup/startup_stm32f417vgtx.o
 .debug_abbrev  0x000021e4      0x213 ./Drivers/STM32F4xx_HAL_Driver/Src/stm32f4xx_hal.o
 .debug_abbrev  0x000023f7      0x239 ./Drivers/STM32F4xx_HAL_Driver/Src/stm32f4xx_hal_can.o
 .debug_abbrev  0x00002630      0x327 ./Drivers/STM32F4xx_HAL_Driver/Src/stm32f4xx_hal_cortex.o
 .debug_abbrev  0x00002957      0x2ec ./Drivers/STM32F4xx_HAL_Driver/Src/stm32f4xx_hal_eth.o
 .debug_abbrev  0x00002c43      0x1d4 ./Drivers/STM32F4xx_HAL_Driver/Src/stm32f4xx_hal_gpio.o
 .debug_abbrev  0x00002e17      0x2ad ./Drivers/STM32F4xx_HAL_Driver/Src/stm32f4xx_hal_i2c.o
 .debug_abbrev  0x000030c4      0x2b6 ./Drivers/STM32F4xx_HAL_Driver/Src/stm32f4xx_hal_rcc.o
 .debug_abbrev  0x0000337a      0x284 ./Drivers/STM32F4xx_HAL_Driver/Src/stm32f4xx_hal_spi.o
 .debug_abbrev  0x000035fe      0x30e ./Drivers/STM32F4xx_HAL_Driver/Src/stm32f4xx_hal_uart.o

.debug_aranges  0x00000000     0x1160
 .debug_aranges
                0x00000000       0x98 ./Core/Src/Devices/LCD.o
 .debug_aranges
                0x00000098       0x38 ./Core/Src/Interfaces/GPIO.o
 .debug_aranges
                0x000000d0       0x48 ./Core/Src/Interfaces/I2C.o
 .debug_aranges
                0x00000118      0x1f0 ./Core/Src/main.o
 .debug_aranges
                0x00000308       0x70 ./Core/Src/stm32f4xx_hal_msp.o
 .debug_aranges
                0x00000378       0x60 ./Core/Src/stm32f4xx_it.o
 .debug_aranges
                0x000003d8       0xa8 ./Core/Src/syscalls.o
 .debug_aranges
                0x00000480       0x20 ./Core/Src/sysmem.o
 .debug_aranges
                0x000004a0       0x28 ./Core/Src/system_stm32f4xx.o
 .debug_aranges
                0x000004c8       0x28 ./Core/Startup/startup_stm32f417vgtx.o
 .debug_aranges
                0x000004f0       0xf0 ./Drivers/STM32F4xx_HAL_Driver/Src/stm32f4xx_hal.o
 .debug_aranges
                0x000005e0      0x138 ./Drivers/STM32F4xx_HAL_Driver/Src/stm32f4xx_hal_can.o
 .debug_aranges
                0x00000718      0x118 ./Drivers/STM32F4xx_HAL_Driver/Src/stm32f4xx_hal_cortex.o
 .debug_aranges
                0x00000830      0x1e0 ./Drivers/STM32F4xx_HAL_Driver/Src/stm32f4xx_hal_eth.o
 .debug_aranges
                0x00000a10       0x58 ./Drivers/STM32F4xx_HAL_Driver/Src/stm32f4xx_hal_gpio.o
 .debug_aranges
                0x00000a68      0x2a0 ./Drivers/STM32F4xx_HAL_Driver/Src/stm32f4xx_hal_i2c.o
 .debug_aranges
                0x00000d08       0x88 ./Drivers/STM32F4xx_HAL_Driver/Src/stm32f4xx_hal_rcc.o
 .debug_aranges
                0x00000d90      0x1d0 ./Drivers/STM32F4xx_HAL_Driver/Src/stm32f4xx_hal_spi.o
 .debug_aranges
                0x00000f60      0x200 ./Drivers/STM32F4xx_HAL_Driver/Src/stm32f4xx_hal_uart.o

.debug_rnglists
                0x00000000      0xd77
 .debug_rnglists
                0x00000000       0x6e ./Core/Src/Devices/LCD.o
 .debug_rnglists
                0x0000006e       0x25 ./Core/Src/Interfaces/GPIO.o
 .debug_rnglists
                0x00000093       0x31 ./Core/Src/Interfaces/I2C.o
 .debug_rnglists
                0x000000c4      0x175 ./Core/Src/main.o
 .debug_rnglists
                0x00000239       0x55 ./Core/Src/stm32f4xx_hal_msp.o
 .debug_rnglists
                0x0000028e       0x43 ./Core/Src/stm32f4xx_it.o
 .debug_rnglists
                0x000002d1       0x79 ./Core/Src/syscalls.o
 .debug_rnglists
                0x0000034a       0x13 ./Core/Src/sysmem.o
 .debug_rnglists
                0x0000035d       0x1a ./Core/Src/system_stm32f4xx.o
 .debug_rnglists
                0x00000377       0x19 ./Core/Startup/startup_stm32f417vgtx.o
 .debug_rnglists
                0x00000390       0xaf ./Drivers/STM32F4xx_HAL_Driver/Src/stm32f4xx_hal.o
 .debug_rnglists
                0x0000043f       0xee ./Drivers/STM32F4xx_HAL_Driver/Src/stm32f4xx_hal_can.o
 .debug_rnglists
                0x0000052d       0xce ./Drivers/STM32F4xx_HAL_Driver/Src/stm32f4xx_hal_cortex.o
 .debug_rnglists
                0x000005fb      0x17c ./Drivers/STM32F4xx_HAL_Driver/Src/stm32f4xx_hal_eth.o
 .debug_rnglists
                0x00000777       0x3f ./Drivers/STM32F4xx_HAL_Driver/Src/stm32f4xx_hal_gpio.o
 .debug_rnglists
                0x000007b6      0x235 ./Drivers/STM32F4xx_HAL_Driver/Src/stm32f4xx_hal_i2c.o
 .debug_rnglists
                0x000009eb       0x66 ./Drivers/STM32F4xx_HAL_Driver/Src/stm32f4xx_hal_rcc.o
 .debug_rnglists
                0x00000a51      0x16f ./Drivers/STM32F4xx_HAL_Driver/Src/stm32f4xx_hal_spi.o
 .debug_rnglists
                0x00000bc0      0x1b7 ./Drivers/STM32F4xx_HAL_Driver/Src/stm32f4xx_hal_uart.o

.debug_macro    0x00000000    0x27e6c
 .debug_macro   0x00000000      0x6d1 ./Core/Src/Devices/LCD.o
 .debug_macro   0x000006d1      0xc5e ./Core/Src/Devices/LCD.o
 .debug_macro   0x0000132f      0x1d5 ./Core/Src/Devices/LCD.o
 .debug_macro   0x00001504       0x10 ./Core/Src/Devices/LCD.o
 .debug_macro   0x00001514       0xcf ./Core/Src/Devices/LCD.o
 .debug_macro   0x000015e3      0x103 ./Core/Src/Devices/LCD.o
 .debug_macro   0x000016e6      0x37d ./Core/Src/Devices/LCD.o
 .debug_macro   0x00001a63       0x22 ./Core/Src/Devices/LCD.o
 .debug_macro   0x00001a85       0x5b ./Core/Src/Devices/LCD.o
 .debug_macro   0x00001ae0       0x2a ./Core/Src/Devices/LCD.o
 .debug_macro   0x00001b0a       0x94 ./Core/Src/Devices/LCD.o
 .debug_macro   0x00001b9e       0x43 ./Core/Src/Devices/LCD.o
 .debug_macro   0x00001be1       0x34 ./Core/Src/Devices/LCD.o
 .debug_macro   0x00001c15      0x190 ./Core/Src/Devices/LCD.o
 .debug_macro   0x00001da5       0x16 ./Core/Src/Devices/LCD.o
 .debug_macro   0x00001dbb       0x43 ./Core/Src/Devices/LCD.o
 .debug_macro   0x00001dfe       0x57 ./Core/Src/Devices/LCD.o
 .debug_macro   0x00001e55       0x34 ./Core/Src/Devices/LCD.o
 .debug_macro   0x00001e89       0x10 ./Core/Src/Devices/LCD.o
 .debug_macro   0x00001e99       0x58 ./Core/Src/Devices/LCD.o
 .debug_macro   0x00001ef1       0x8e ./Core/Src/Devices/LCD.o
 .debug_macro   0x00001f7f       0x16 ./Core/Src/Devices/LCD.o
 .debug_macro   0x00001f95      0x177 ./Core/Src/Devices/LCD.o
 .debug_macro   0x0000210c       0x1c ./Core/Src/Devices/LCD.o
 .debug_macro   0x00002128       0x3c ./Core/Src/Devices/LCD.o
 .debug_macro   0x00002164      0x38c ./Core/Src/Devices/LCD.o
 .debug_macro   0x000024f0       0x10 ./Core/Src/Devices/LCD.o
 .debug_macro   0x00002500       0x1c ./Core/Src/Devices/LCD.o
 .debug_macro   0x0000251c       0x33 ./Core/Src/Devices/LCD.o
 .debug_macro   0x0000254f      0x173 ./Core/Src/Devices/LCD.o
 .debug_macro   0x000026c2       0xa2 ./Core/Src/Devices/LCD.o
 .debug_macro   0x00002764       0x10 ./Core/Src/Devices/LCD.o
 .debug_macro   0x00002774       0x19 ./Core/Src/Devices/LCD.o
 .debug_macro   0x0000278d       0x26 ./Core/Src/Devices/LCD.o
 .debug_macro   0x000027b3       0x17 ./Core/Src/Devices/LCD.o
 .debug_macro   0x000027ca       0x10 ./Core/Src/Devices/LCD.o
 .debug_macro   0x000027da       0x28 ./Core/Src/Devices/LCD.o
 .debug_macro   0x00002802       0x2e ./Core/Src/Devices/LCD.o
 .debug_macro   0x00002830       0x11 ./Core/Src/Devices/LCD.o
 .debug_macro   0x00002841       0x1c ./Core/Src/Devices/LCD.o
 .debug_macro   0x0000285d      0x103 ./Core/Src/Devices/LCD.o
 .debug_macro   0x00002960       0x6a ./Core/Src/Devices/LCD.o
 .debug_macro   0x000029ca      0x1d1 ./Core/Src/Devices/LCD.o
 .debug_macro   0x00002b9b       0x1c ./Core/Src/Devices/LCD.o
 .debug_macro   0x00002bb7       0x2c ./Core/Src/Devices/LCD.o
 .debug_macro   0x00002be3       0x11 ./Core/Src/Devices/LCD.o
 .debug_macro   0x00002bf4       0x18 ./Core/Src/Devices/LCD.o
 .debug_macro   0x00002c0c       0x10 ./Core/Src/Devices/LCD.o
 .debug_macro   0x00002c1c       0x35 ./Core/Src/Devices/LCD.o
 .debug_macro   0x00002c51       0x5e ./Core/Src/Devices/LCD.o
 .debug_macro   0x00002caf       0x16 ./Core/Src/Devices/LCD.o
 .debug_macro   0x00002cc5       0x52 ./Core/Src/Devices/LCD.o
 .debug_macro   0x00002d17       0x5e ./Core/Src/Devices/LCD.o
 .debug_macro   0x00002d75       0x2c ./Core/Src/Devices/LCD.o
 .debug_macro   0x00002da1       0x11 ./Core/Src/Devices/LCD.o
 .debug_macro   0x00002db2       0x4f ./Core/Src/Devices/LCD.o
 .debug_macro   0x00002e01       0x18 ./Core/Src/Devices/LCD.o
 .debug_macro   0x00002e19       0x11 ./Core/Src/Devices/LCD.o
 .debug_macro   0x00002e2a       0x88 ./Core/Src/Devices/LCD.o
 .debug_macro   0x00002eb2       0x19 ./Core/Src/Devices/LCD.o
 .debug_macro   0x00002ecb       0x1c ./Core/Src/Devices/LCD.o
 .debug_macro   0x00002ee7       0x12 ./Core/Src/Devices/LCD.o
 .debug_macro   0x00002ef9       0x17 ./Core/Src/Devices/LCD.o
 .debug_macro   0x00002f10       0x11 ./Core/Src/Devices/LCD.o
 .debug_macro   0x00002f21       0x10 ./Core/Src/Devices/LCD.o
 .debug_macro   0x00002f31       0x17 ./Core/Src/Devices/LCD.o
 .debug_macro   0x00002f48       0x10 ./Core/Src/Devices/LCD.o
 .debug_macro   0x00002f58       0x16 ./Core/Src/Devices/LCD.o
 .debug_macro   0x00002f6e       0x16 ./Core/Src/Devices/LCD.o
 .debug_macro   0x00002f84       0x29 ./Core/Src/Devices/LCD.o
 .debug_macro   0x00002fad       0x1c ./Core/Src/Devices/LCD.o
 .debug_macro   0x00002fc9       0xde ./Core/Src/Devices/LCD.o
 .debug_macro   0x000030a7       0x1c ./Core/Src/Devices/LCD.o
 .debug_macro   0x000030c3       0x10 ./Core/Src/Devices/LCD.o
 .debug_macro   0x000030d3       0x16 ./Core/Src/Devices/LCD.o
 .debug_macro   0x000030e9      0x131 ./Core/Src/Devices/LCD.o
 .debug_macro   0x0000321a      0x11d ./Core/Src/Devices/LCD.o
 .debug_macro   0x00003337       0x10 ./Core/Src/Devices/LCD.o
 .debug_macro   0x00003347      0x242 ./Core/Src/Devices/LCD.o
 .debug_macro   0x00003589       0x19 ./Core/Src/Devices/LCD.o
 .debug_macro   0x000035a2       0x18 ./Core/Src/Devices/LCD.o
 .debug_macro   0x000035ba      0x2ad ./Core/Src/Devices/LCD.o
 .debug_macro   0x00003867       0x2e ./Core/Src/Devices/LCD.o
 .debug_macro   0x00003895       0x28 ./Core/Src/Devices/LCD.o
 .debug_macro   0x000038bd       0x1c ./Core/Src/Devices/LCD.o
 .debug_macro   0x000038d9       0x22 ./Core/Src/Devices/LCD.o
 .debug_macro   0x000038fb       0xd9 ./Core/Src/Devices/LCD.o
 .debug_macro   0x000039d4     0x102d ./Core/Src/Devices/LCD.o
 .debug_macro   0x00004a01      0x11f ./Core/Src/Devices/LCD.o
 .debug_macro   0x00004b20    0x16375 ./Core/Src/Devices/LCD.o
 .debug_macro   0x0001ae95       0x6d ./Core/Src/Devices/LCD.o
 .debug_macro   0x0001af02     0x367e ./Core/Src/Devices/LCD.o
 .debug_macro   0x0001e580       0x56 ./Core/Src/Devices/LCD.o
 .debug_macro   0x0001e5d6      0x9db ./Core/Src/Devices/LCD.o
 .debug_macro   0x0001efb1      0x9fe ./Core/Src/Devices/LCD.o
 .debug_macro   0x0001f9af      0x115 ./Core/Src/Devices/LCD.o
 .debug_macro   0x0001fac4      0x13e ./Core/Src/Devices/LCD.o
 .debug_macro   0x0001fc02       0xa5 ./Core/Src/Devices/LCD.o
 .debug_macro   0x0001fca7      0x174 ./Core/Src/Devices/LCD.o
 .debug_macro   0x0001fe1b      0x287 ./Core/Src/Devices/LCD.o
 .debug_macro   0x000200a2       0x5f ./Core/Src/Devices/LCD.o
 .debug_macro   0x00020101      0x236 ./Core/Src/Devices/LCD.o
 .debug_macro   0x00020337      0x40f ./Core/Src/Devices/LCD.o
 .debug_macro   0x00020746      0xd44 ./Core/Src/Devices/LCD.o
 .debug_macro   0x0002148a      0x12c ./Core/Src/Devices/LCD.o
 .debug_macro   0x000215b6      0x21e ./Core/Src/Devices/LCD.o
 .debug_macro   0x000217d4       0x2e ./Core/Src/Devices/LCD.o
 .debug_macro   0x00021802      0x1b5 ./Core/Src/Devices/LCD.o
 .debug_macro   0x000219b7       0xd6 ./Core/Src/Devices/LCD.o
 .debug_macro   0x00021a8d      0x11a ./Core/Src/Devices/LCD.o
 .debug_macro   0x00021ba7       0x7e ./Core/Src/Devices/LCD.o
 .debug_macro   0x00021c25       0x89 ./Core/Src/Devices/LCD.o
 .debug_macro   0x00021cae      0x225 ./Core/Src/Devices/LCD.o
 .debug_macro   0x00021ed3      0x295 ./Core/Src/Devices/LCD.o
 .debug_macro   0x00022168      0x12d ./Core/Src/Devices/LCD.o
 .debug_macro   0x00022295       0x1e ./Core/Src/Devices/LCD.o
 .debug_macro   0x000222b3       0x33 ./Core/Src/Devices/LCD.o
 .debug_macro   0x000222e6       0x26 ./Core/Src/Devices/LCD.o
 .debug_macro   0x0002230c      0x242 ./Core/Src/Interfaces/GPIO.o
 .debug_macro   0x0002254e       0x9c ./Core/Src/Interfaces/GPIO.o
 .debug_macro   0x000225ea       0x8e ./Core/Src/Interfaces/GPIO.o
 .debug_macro   0x00022678       0x51 ./Core/Src/Interfaces/GPIO.o
 .debug_macro   0x000226c9      0x1df ./Core/Src/Interfaces/GPIO.o
 .debug_macro   0x000228a8       0x5c ./Core/Src/Interfaces/GPIO.o
 .debug_macro   0x00022904      0x413 ./Core/Src/Interfaces/I2C.o
 .debug_macro   0x00022d17       0x16 ./Core/Src/Interfaces/I2C.o
 .debug_macro   0x00022d2d       0x20 ./Core/Src/Interfaces/I2C.o
 .debug_macro   0x00022d4d       0x32 ./Core/Src/Interfaces/I2C.o
 .debug_macro   0x00022d7f       0x18 ./Core/Src/Interfaces/I2C.o
 .debug_macro   0x00022d97       0x2d ./Core/Src/Interfaces/I2C.o
 .debug_macro   0x00022dc4       0x18 ./Core/Src/Interfaces/I2C.o
 .debug_macro   0x00022ddc      0x71a ./Core/Src/main.o
 .debug_macro   0x000234f6      0x178 ./Core/Src/main.o
 .debug_macro   0x0002366e       0x61 ./Core/Src/main.o
 .debug_macro   0x000236cf       0x10 ./Core/Src/main.o
 .debug_macro   0x000236df       0x20 ./Core/Src/main.o
 .debug_macro   0x000236ff       0x22 ./Core/Src/main.o
 .debug_macro   0x00023721       0x3f ./Core/Src/main.o
 .debug_macro   0x00023760      0x201 ./Core/Src/stm32f4xx_hal_msp.o
 .debug_macro   0x00023961      0xab4 ./Core/Src/stm32f4xx_hal_msp.o
 .debug_macro   0x00024415     0x102d ./Core/Src/stm32f4xx_hal_msp.o
 .debug_macro   0x00025442      0x189 ./Core/Src/stm32f4xx_hal_msp.o
 .debug_macro   0x000255cb      0x20b ./Core/Src/stm32f4xx_it.o
 .debug_macro   0x000257d6      0x274 ./Core/Src/syscalls.o
 .debug_macro   0x00025a4a       0x34 ./Core/Src/syscalls.o
 .debug_macro   0x00025a7e      0x369 ./Core/Src/syscalls.o
 .debug_macro   0x00025de7       0x43 ./Core/Src/syscalls.o
 .debug_macro   0x00025e2a       0x1c ./Core/Src/syscalls.o
 .debug_macro   0x00025e46       0x10 ./Core/Src/syscalls.o
 .debug_macro   0x00025e56       0x35 ./Core/Src/syscalls.o
 .debug_macro   0x00025e8b       0x10 ./Core/Src/syscalls.o
 .debug_macro   0x00025e9b       0x10 ./Core/Src/syscalls.o
 .debug_macro   0x00025eab       0x10 ./Core/Src/syscalls.o
 .debug_macro   0x00025ebb       0x1c ./Core/Src/syscalls.o
 .debug_macro   0x00025ed7       0x52 ./Core/Src/syscalls.o
 .debug_macro   0x00025f29       0x22 ./Core/Src/syscalls.o
 .debug_macro   0x00025f4b       0x10 ./Core/Src/syscalls.o
 .debug_macro   0x00025f5b       0x52 ./Core/Src/syscalls.o
 .debug_macro   0x00025fad       0xcf ./Core/Src/syscalls.o
 .debug_macro   0x0002607c       0x1c ./Core/Src/syscalls.o
 .debug_macro   0x00026098       0x3d ./Core/Src/syscalls.o
 .debug_macro   0x000260d5       0x35 ./Core/Src/syscalls.o
 .debug_macro   0x0002610a      0x12c ./Core/Src/syscalls.o
 .debug_macro   0x00026236       0x10 ./Core/Src/syscalls.o
 .debug_macro   0x00026246      0x146 ./Core/Src/syscalls.o
 .debug_macro   0x0002638c      0x18a ./Core/Src/syscalls.o
 .debug_macro   0x00026516       0x16 ./Core/Src/syscalls.o
 .debug_macro   0x0002652c       0xce ./Core/Src/syscalls.o
 .debug_macro   0x000265fa       0xff ./Core/Src/sysmem.o
 .debug_macro   0x000266f9      0x23c ./Core/Src/sysmem.o
 .debug_macro   0x00026935      0x1f2 ./Core/Src/system_stm32f4xx.o
 .debug_macro   0x00026b27      0x252 ./Drivers/STM32F4xx_HAL_Driver/Src/stm32f4xx_hal.o
 .debug_macro   0x00026d79      0x1fa ./Drivers/STM32F4xx_HAL_Driver/Src/stm32f4xx_hal_can.o